Archive member included to satisfy reference by file (symbol)

d:/program files (x86)/atollic/truestudio for stm32 9.0.0/armtools/bin/../lib/gcc/arm-atollic-eabi/6.3.1/../../../../arm-atollic-eabi/lib/armv7e-m/fpu/fpv5-sp-d16\libc_nano.a(lib_a-init.o)
                              src\startup_stm32f765xx.o (__libc_init_array)
d:/program files (x86)/atollic/truestudio for stm32 9.0.0/armtools/bin/../lib/gcc/arm-atollic-eabi/6.3.1/../../../../arm-atollic-eabi/lib/armv7e-m/fpu/fpv5-sp-d16\libc_nano.a(lib_a-malloc.o)
                              Middlewares\ST\STM32_USB_Device_Library\Class\CDC\Src\usbd_cdc.o (malloc)
d:/program files (x86)/atollic/truestudio for stm32 9.0.0/armtools/bin/../lib/gcc/arm-atollic-eabi/6.3.1/../../../../arm-atollic-eabi/lib/armv7e-m/fpu/fpv5-sp-d16\libc_nano.a(lib_a-nano-freer.o)
                              d:/program files (x86)/atollic/truestudio for stm32 9.0.0/armtools/bin/../lib/gcc/arm-atollic-eabi/6.3.1/../../../../arm-atollic-eabi/lib/armv7e-m/fpu/fpv5-sp-d16\libc_nano.a(lib_a-malloc.o) (_free_r)
d:/program files (x86)/atollic/truestudio for stm32 9.0.0/armtools/bin/../lib/gcc/arm-atollic-eabi/6.3.1/../../../../arm-atollic-eabi/lib/armv7e-m/fpu/fpv5-sp-d16\libc_nano.a(lib_a-nano-mallocr.o)
                              d:/program files (x86)/atollic/truestudio for stm32 9.0.0/armtools/bin/../lib/gcc/arm-atollic-eabi/6.3.1/../../../../arm-atollic-eabi/lib/armv7e-m/fpu/fpv5-sp-d16\libc_nano.a(lib_a-malloc.o) (_malloc_r)
d:/program files (x86)/atollic/truestudio for stm32 9.0.0/armtools/bin/../lib/gcc/arm-atollic-eabi/6.3.1/../../../../arm-atollic-eabi/lib/armv7e-m/fpu/fpv5-sp-d16\libc_nano.a(lib_a-sbrkr.o)
                              d:/program files (x86)/atollic/truestudio for stm32 9.0.0/armtools/bin/../lib/gcc/arm-atollic-eabi/6.3.1/../../../../arm-atollic-eabi/lib/armv7e-m/fpu/fpv5-sp-d16\libc_nano.a(lib_a-nano-mallocr.o) (_sbrk_r)
d:/program files (x86)/atollic/truestudio for stm32 9.0.0/armtools/bin/../lib/gcc/arm-atollic-eabi/6.3.1/../../../../arm-atollic-eabi/lib/armv7e-m/fpu/fpv5-sp-d16\libc_nano.a(lib_a-strlen.o)
                              src\tiny_printf.o (strlen)
d:/program files (x86)/atollic/truestudio for stm32 9.0.0/armtools/bin/../lib/gcc/arm-atollic-eabi/6.3.1/../../../../arm-atollic-eabi/lib/armv7e-m/fpu/fpv5-sp-d16\libc_nano.a(lib_a-impure.o)
                              d:/program files (x86)/atollic/truestudio for stm32 9.0.0/armtools/bin/../lib/gcc/arm-atollic-eabi/6.3.1/../../../../arm-atollic-eabi/lib/armv7e-m/fpu/fpv5-sp-d16\libc_nano.a(lib_a-malloc.o) (_impure_ptr)
d:/program files (x86)/atollic/truestudio for stm32 9.0.0/armtools/bin/../lib/gcc/arm-atollic-eabi/6.3.1/../../../../arm-atollic-eabi/lib/armv7e-m/fpu/fpv5-sp-d16\libc_nano.a(lib_a-mlock.o)
                              d:/program files (x86)/atollic/truestudio for stm32 9.0.0/armtools/bin/../lib/gcc/arm-atollic-eabi/6.3.1/../../../../arm-atollic-eabi/lib/armv7e-m/fpu/fpv5-sp-d16\libc_nano.a(lib_a-nano-freer.o) (__malloc_lock)
d:/program files (x86)/atollic/truestudio for stm32 9.0.0/armtools/bin/../lib/gcc/arm-atollic-eabi/6.3.1/../../../../arm-atollic-eabi/lib/armv7e-m/fpu/fpv5-sp-d16\libc_nano.a(lib_a-reent.o)
                              d:/program files (x86)/atollic/truestudio for stm32 9.0.0/armtools/bin/../lib/gcc/arm-atollic-eabi/6.3.1/../../../../arm-atollic-eabi/lib/armv7e-m/fpu/fpv5-sp-d16\libc_nano.a(lib_a-sbrkr.o) (errno)
d:/program files (x86)/atollic/truestudio for stm32 9.0.0/armtools/bin/../lib/gcc/arm-atollic-eabi/6.3.1/../../../../arm-atollic-eabi/lib/armv7e-m/fpu/fpv5-sp-d16\libnosys.a(sbrk.o)
                              d:/program files (x86)/atollic/truestudio for stm32 9.0.0/armtools/bin/../lib/gcc/arm-atollic-eabi/6.3.1/../../../../arm-atollic-eabi/lib/armv7e-m/fpu/fpv5-sp-d16\libc_nano.a(lib_a-sbrkr.o) (_sbrk)
d:/program files (x86)/atollic/truestudio for stm32 9.0.0/armtools/bin/../lib/gcc/arm-atollic-eabi/6.3.1/../../../../arm-atollic-eabi/lib/armv7e-m/fpu/fpv5-sp-d16\libnosys.a(write.o)
                              src\tiny_printf.o (_write)

Allocating common symbols
Common symbol       size              file

hUsbDeviceFS        0x224             src\usb_device.o
errno               0x4               d:/program files (x86)/atollic/truestudio for stm32 9.0.0/armtools/bin/../lib/gcc/arm-atollic-eabi/6.3.1/../../../../arm-atollic-eabi/lib/armv7e-m/fpu/fpv5-sp-d16\libc_nano.a(lib_a-reent.o)
hpcd_USB_OTG_FS     0x400             src\usbd_conf.o
uwTick              0x4               Drivers\STM32F7xx_HAL_Driver\Src\stm32f7xx_hal.o
pFlash              0x1c              Drivers\STM32F7xx_HAL_Driver\Src\stm32f7xx_hal_flash.o
UserRxBufferFS      0x800             src\usbd_cdc_if.o
UserTxBufferFS      0x800             src\usbd_cdc_if.o
USBD_StrDesc        0x200             src\usbd_desc.o

Discarded input sections

[...]
Memory Configuration

Name             Origin             Length             Attributes
FLASH            0x08000000         0x00200000         xr
DTCMRAM          0x20000000         0x00020000         xrw
SRAM1            0x20020000         0x0005c000         xrw
SRAM2            0x2007c000         0x00004000         xrw
MEMORY_B1        0x60000000         0x00000000         xr
*default*        0x00000000         0xffffffff

Linker script and memory map

LOAD d:/program files (x86)/atollic/truestudio for stm32 9.0.0/armtools/bin/../lib/gcc/arm-atollic-eabi/6.3.1/armv7e-m/fpu/fpv5-sp-d16/crti.o
LOAD d:/program files (x86)/atollic/truestudio for stm32 9.0.0/armtools/bin/../lib/gcc/arm-atollic-eabi/6.3.1/armv7e-m/fpu/fpv5-sp-d16/crtbegin.o
LOAD Drivers\STM32F7xx_HAL_Driver\Src\stm32f7xx_hal.o
LOAD Drivers\STM32F7xx_HAL_Driver\Src\stm32f7xx_hal_cortex.o
LOAD Drivers\STM32F7xx_HAL_Driver\Src\stm32f7xx_hal_dma.o
LOAD Drivers\STM32F7xx_HAL_Driver\Src\stm32f7xx_hal_dma_ex.o
LOAD Drivers\STM32F7xx_HAL_Driver\Src\stm32f7xx_hal_flash.o
LOAD Drivers\STM32F7xx_HAL_Driver\Src\stm32f7xx_hal_gpio.o
LOAD Drivers\STM32F7xx_HAL_Driver\Src\stm32f7xx_hal_i2c_ex.o
LOAD Drivers\STM32F7xx_HAL_Driver\Src\stm32f7xx_hal_pcd.o
LOAD Drivers\STM32F7xx_HAL_Driver\Src\stm32f7xx_hal_pcd_ex.o
LOAD Drivers\STM32F7xx_HAL_Driver\Src\stm32f7xx_hal_pwr.o
LOAD Drivers\STM32F7xx_HAL_Driver\Src\stm32f7xx_hal_pwr_ex.o
LOAD Drivers\STM32F7xx_HAL_Driver\Src\stm32f7xx_hal_tim.o
LOAD Drivers\STM32F7xx_HAL_Driver\Src\stm32f7xx_hal_tim_ex.o
LOAD Drivers\STM32F7xx_HAL_Driver\Src\stm32f7xx_ll_usb.o
LOAD Middlewares\ST\STM32_USB_Device_Library\Class\CDC\Src\usbd_cdc.o
LOAD Middlewares\ST\STM32_USB_Device_Library\Core\Src\usbd_core.o
LOAD Middlewares\ST\STM32_USB_Device_Library\Core\Src\usbd_ctlreq.o
LOAD Middlewares\ST\STM32_USB_Device_Library\Core\Src\usbd_ioreq.o
LOAD src\main.o
LOAD src\startup_stm32f765xx.o
LOAD src\system_stm32f7xx.o
LOAD src\tiny_printf.o
LOAD src\usb_device.o
LOAD src\usbd_cdc_if.o
LOAD src\usbd_conf.o
LOAD src\usbd_desc.o
                0x00001000                malloc_getpagesize_P = 0x1000
START GROUP
LOAD d:/program files (x86)/atollic/truestudio for stm32 9.0.0/armtools/bin/../lib/gcc/arm-atollic-eabi/6.3.1/../../../../arm-atollic-eabi/lib/armv7e-m/fpu/fpv5-sp-d16\libstdc++_nano.a
LOAD d:/program files (x86)/atollic/truestudio for stm32 9.0.0/armtools/bin/../lib/gcc/arm-atollic-eabi/6.3.1/../../../../arm-atollic-eabi/lib/armv7e-m/fpu/fpv5-sp-d16\libsupc++_nano.a
END GROUP
LOAD d:/program files (x86)/atollic/truestudio for stm32 9.0.0/armtools/bin/../lib/gcc/arm-atollic-eabi/6.3.1/../../../../arm-atollic-eabi/lib/armv7e-m/fpu/fpv5-sp-d16\libstdc++_nano.a
LOAD d:/program files (x86)/atollic/truestudio for stm32 9.0.0/armtools/bin/../lib/gcc/arm-atollic-eabi/6.3.1/../../../../arm-atollic-eabi/lib/armv7e-m/fpu/fpv5-sp-d16\libm.a
LOAD d:/program files (x86)/atollic/truestudio for stm32 9.0.0/armtools/bin/../lib/gcc/arm-atollic-eabi/6.3.1/../../../../arm-atollic-eabi/lib/armv7e-m/fpu/fpv5-sp-d16\libc_nano.a
START GROUP
LOAD d:/program files (x86)/atollic/truestudio for stm32 9.0.0/armtools/bin/../lib/gcc/arm-atollic-eabi/6.3.1/armv7e-m/fpu/fpv5-sp-d16\libgcc.a
LOAD d:/program files (x86)/atollic/truestudio for stm32 9.0.0/armtools/bin/../lib/gcc/arm-atollic-eabi/6.3.1/../../../../arm-atollic-eabi/lib/armv7e-m/fpu/fpv5-sp-d16\libc_nano.a
END GROUP
START GROUP
LOAD d:/program files (x86)/atollic/truestudio for stm32 9.0.0/armtools/bin/../lib/gcc/arm-atollic-eabi/6.3.1/armv7e-m/fpu/fpv5-sp-d16\libgcc.a
LOAD d:/program files (x86)/atollic/truestudio for stm32 9.0.0/armtools/bin/../lib/gcc/arm-atollic-eabi/6.3.1/../../../../arm-atollic-eabi/lib/armv7e-m/fpu/fpv5-sp-d16\libc_nano.a
LOAD d:/program files (x86)/atollic/truestudio for stm32 9.0.0/armtools/bin/../lib/gcc/arm-atollic-eabi/6.3.1/../../../../arm-atollic-eabi/lib/armv7e-m/fpu/fpv5-sp-d16\libnosys.a
END GROUP
START GROUP
LOAD d:/program files (x86)/atollic/truestudio for stm32 9.0.0/armtools/bin/../lib/gcc/arm-atollic-eabi/6.3.1/armv7e-m/fpu/fpv5-sp-d16\libgcc.a
LOAD d:/program files (x86)/atollic/truestudio for stm32 9.0.0/armtools/bin/../lib/gcc/arm-atollic-eabi/6.3.1/../../../../arm-atollic-eabi/lib/armv7e-m/fpu/fpv5-sp-d16\libc_nano.a
LOAD d:/program files (x86)/atollic/truestudio for stm32 9.0.0/armtools/bin/../lib/gcc/arm-atollic-eabi/6.3.1/../../../../arm-atollic-eabi/lib/armv7e-m/fpu/fpv5-sp-d16\libnosys.a
END GROUP
LOAD d:/program files (x86)/atollic/truestudio for stm32 9.0.0/armtools/bin/../lib/gcc/arm-atollic-eabi/6.3.1/armv7e-m/fpu/fpv5-sp-d16/crtend.o
LOAD d:/program files (x86)/atollic/truestudio for stm32 9.0.0/armtools/bin/../lib/gcc/arm-atollic-eabi/6.3.1/armv7e-m/fpu/fpv5-sp-d16/crtn.o
                0x20080000                _estack = 0x20080000
                0x00000000                _Min_Heap_Size = 0x0
                0x00000400                _Min_Stack_Size = 0x400

.isr_vector     0x08000000      0x1f8
                0x08000000                . = ALIGN (0x4)
 *(.isr_vector)
 .isr_vector    0x08000000      0x1f8 src\startup_stm32f765xx.o
                0x08000000                g_pfnVectors
                0x080001f8                . = ALIGN (0x4)

.text           0x080001f8     0x4e44
                0x080001f8                . = ALIGN (0x4)
 *(.text)
 .text          0x080001f8       0x40 d:/program files (x86)/atollic/truestudio for stm32 9.0.0/armtools/bin/../lib/gcc/arm-atollic-eabi/6.3.1/armv7e-m/fpu/fpv5-sp-d16/crtbegin.o
 *(.text*)
 .text.HAL_IncTick
                0x08000238       0x28 Drivers\STM32F7xx_HAL_Driver\Src\stm32f7xx_hal.o
                0x08000238                HAL_IncTick
 .text.HAL_GetTick
                0x08000260       0x18 Drivers\STM32F7xx_HAL_Driver\Src\stm32f7xx_hal.o
                0x08000260                HAL_GetTick
 .text.HAL_Delay
                0x08000278       0x44 Drivers\STM32F7xx_HAL_Driver\Src\stm32f7xx_hal.o
                0x08000278                HAL_Delay
 .text.NVIC_GetPriorityGrouping
                0x080002bc       0x1c Drivers\STM32F7xx_HAL_Driver\Src\stm32f7xx_hal_cortex.o
 .text.NVIC_EnableIRQ
                0x080002d8       0x34 Drivers\STM32F7xx_HAL_Driver\Src\stm32f7xx_hal_cortex.o
 .text.NVIC_SetPriority
                0x0800030c       0x54 Drivers\STM32F7xx_HAL_Driver\Src\stm32f7xx_hal_cortex.o
 .text.NVIC_EncodePriority
                0x08000360       0x62 Drivers\STM32F7xx_HAL_Driver\Src\stm32f7xx_hal_cortex.o
 .text.HAL_NVIC_SetPriority
                0x080003c2       0x38 Drivers\STM32F7xx_HAL_Driver\Src\stm32f7xx_hal_cortex.o
                0x080003c2                HAL_NVIC_SetPriority
 .text.HAL_NVIC_EnableIRQ
                0x080003fa       0x1c Drivers\STM32F7xx_HAL_Driver\Src\stm32f7xx_hal_cortex.o
                0x080003fa                HAL_NVIC_EnableIRQ
 .text.HAL_SYSTICK_IRQHandler
                0x08000416        0xc Drivers\STM32F7xx_HAL_Driver\Src\stm32f7xx_hal_cortex.o
                0x08000416                HAL_SYSTICK_IRQHandler
 .text.HAL_SYSTICK_Callback
                0x08000422        0xe Drivers\STM32F7xx_HAL_Driver\Src\stm32f7xx_hal_cortex.o
                0x08000422                HAL_SYSTICK_Callback
 .text.HAL_GPIO_Init
                0x08000430      0x354 Drivers\STM32F7xx_HAL_Driver\Src\stm32f7xx_hal_gpio.o
                0x08000430                HAL_GPIO_Init
 .text.HAL_PCD_Init
                0x08000784      0x21c Drivers\STM32F7xx_HAL_Driver\Src\stm32f7xx_hal_pcd.o
                0x08000784                HAL_PCD_Init
 .text.HAL_PCD_Start
                0x080009a0       0x44 Drivers\STM32F7xx_HAL_Driver\Src\stm32f7xx_hal_pcd.o
                0x080009a0                HAL_PCD_Start
 .text.HAL_PCD_IRQHandler
                0x080009e4      0xa08 Drivers\STM32F7xx_HAL_Driver\Src\stm32f7xx_hal_pcd.o
                0x080009e4                HAL_PCD_IRQHandler
 .text.HAL_PCD_SetAddress
                0x080013ec       0x42 Drivers\STM32F7xx_HAL_Driver\Src\stm32f7xx_hal_pcd.o
                0x080013ec                HAL_PCD_SetAddress
 .text.HAL_PCD_EP_Open
                0x0800142e       0xd0 Drivers\STM32F7xx_HAL_Driver\Src\stm32f7xx_hal_pcd.o
                0x0800142e                HAL_PCD_EP_Open
 .text.HAL_PCD_EP_Close
                0x080014fe       0x94 Drivers\STM32F7xx_HAL_Driver\Src\stm32f7xx_hal_pcd.o
                0x080014fe                HAL_PCD_EP_Close
 .text.HAL_PCD_EP_Receive
                0x08001592       0x94 Drivers\STM32F7xx_HAL_Driver\Src\stm32f7xx_hal_pcd.o
                0x08001592                HAL_PCD_EP_Receive
 .text.HAL_PCD_EP_GetRxCount
                0x08001626       0x32 Drivers\STM32F7xx_HAL_Driver\Src\stm32f7xx_hal_pcd.o
                0x08001626                HAL_PCD_EP_GetRxCount
 .text.HAL_PCD_EP_Transmit
                0x08001658       0x92 Drivers\STM32F7xx_HAL_Driver\Src\stm32f7xx_hal_pcd.o
                0x08001658                HAL_PCD_EP_Transmit
 .text.HAL_PCD_EP_SetStall
                0x080016ea       0xc8 Drivers\STM32F7xx_HAL_Driver\Src\stm32f7xx_hal_pcd.o
                0x080016ea                HAL_PCD_EP_SetStall
 .text.HAL_PCD_EP_ClrStall
                0x080017b2       0xa8 Drivers\STM32F7xx_HAL_Driver\Src\stm32f7xx_hal_pcd.o
                0x080017b2                HAL_PCD_EP_ClrStall
 .text.PCD_WriteEmptyTxFifo
                0x0800185a      0x110 Drivers\STM32F7xx_HAL_Driver\Src\stm32f7xx_hal_pcd.o
 .text.HAL_PCDEx_SetTxFiFo
                0x0800196a       0x96 Drivers\STM32F7xx_HAL_Driver\Src\stm32f7xx_hal_pcd_ex.o
                0x0800196a                HAL_PCDEx_SetTxFiFo
 .text.HAL_PCDEx_SetRxFiFo
                0x08001a00       0x22 Drivers\STM32F7xx_HAL_Driver\Src\stm32f7xx_hal_pcd_ex.o
                0x08001a00                HAL_PCDEx_SetRxFiFo
 *fill*         0x08001a22        0x2 
 .text.HAL_PCDEx_ActivateLPM
                0x08001a24       0x48 Drivers\STM32F7xx_HAL_Driver\Src\stm32f7xx_hal_pcd_ex.o
                0x08001a24                HAL_PCDEx_ActivateLPM
 .text.USB_CoreInit
                0x08001a6c       0xa4 Drivers\STM32F7xx_HAL_Driver\Src\stm32f7xx_ll_usb.o
                0x08001a6c                USB_CoreInit
 .text.USB_EnableGlobalInt
                0x08001b10       0x22 Drivers\STM32F7xx_HAL_Driver\Src\stm32f7xx_ll_usb.o
                0x08001b10                USB_EnableGlobalInt
 .text.USB_DisableGlobalInt
                0x08001b32       0x22 Drivers\STM32F7xx_HAL_Driver\Src\stm32f7xx_ll_usb.o
                0x08001b32                USB_DisableGlobalInt
 .text.USB_SetCurrentMode
                0x08001b54       0x4e Drivers\STM32F7xx_HAL_Driver\Src\stm32f7xx_ll_usb.o
                0x08001b54                USB_SetCurrentMode
 *fill*         0x08001ba2        0x2 
 .text.USB_DevInit
                0x08001ba4      0x29c Drivers\STM32F7xx_HAL_Driver\Src\stm32f7xx_ll_usb.o
                0x08001ba4                USB_DevInit
 .text.USB_FlushTxFifo
                0x08001e40       0x4c Drivers\STM32F7xx_HAL_Driver\Src\stm32f7xx_ll_usb.o
                0x08001e40                USB_FlushTxFifo
 .text.USB_FlushRxFifo
                0x08001e8c       0x44 Drivers\STM32F7xx_HAL_Driver\Src\stm32f7xx_ll_usb.o
                0x08001e8c                USB_FlushRxFifo
 .text.USB_SetDevSpeed
                0x08001ed0       0x30 Drivers\STM32F7xx_HAL_Driver\Src\stm32f7xx_ll_usb.o
                0x08001ed0                USB_SetDevSpeed
 .text.USB_GetDevSpeed
                0x08001f00       0x6a Drivers\STM32F7xx_HAL_Driver\Src\stm32f7xx_ll_usb.o
                0x08001f00                USB_GetDevSpeed
 *fill*         0x08001f6a        0x2 
 .text.USB_ActivateEndpoint
                0x08001f6c      0x110 Drivers\STM32F7xx_HAL_Driver\Src\stm32f7xx_ll_usb.o
                0x08001f6c                USB_ActivateEndpoint
 .text.USB_DeactivateEndpoint
                0x0800207c       0xf6 Drivers\STM32F7xx_HAL_Driver\Src\stm32f7xx_ll_usb.o
                0x0800207c                USB_DeactivateEndpoint
 *fill*         0x08002172        0x2 
 .text.USB_EPStartXfer
                0x08002174      0x488 Drivers\STM32F7xx_HAL_Driver\Src\stm32f7xx_ll_usb.o
                0x08002174                USB_EPStartXfer
 .text.USB_EP0StartXfer
                0x080025fc      0x2b8 Drivers\STM32F7xx_HAL_Driver\Src\stm32f7xx_ll_usb.o
                0x080025fc                USB_EP0StartXfer
 .text.USB_WritePacket
                0x080028b4       0x70 Drivers\STM32F7xx_HAL_Driver\Src\stm32f7xx_ll_usb.o
                0x080028b4                USB_WritePacket
 .text.USB_ReadPacket
                0x08002924       0x54 Drivers\STM32F7xx_HAL_Driver\Src\stm32f7xx_ll_usb.o
                0x08002924                USB_ReadPacket
 .text.USB_EPSetStall
                0x08002978       0xe2 Drivers\STM32F7xx_HAL_Driver\Src\stm32f7xx_ll_usb.o
                0x08002978                USB_EPSetStall
 .text.USB_EPClearStall
                0x08002a5a       0xda Drivers\STM32F7xx_HAL_Driver\Src\stm32f7xx_ll_usb.o
                0x08002a5a                USB_EPClearStall
 .text.USB_SetDevAddress
                0x08002b34       0x4c Drivers\STM32F7xx_HAL_Driver\Src\stm32f7xx_ll_usb.o
                0x08002b34                USB_SetDevAddress
 .text.USB_DevConnect
                0x08002b80       0x2e Drivers\STM32F7xx_HAL_Driver\Src\stm32f7xx_ll_usb.o
                0x08002b80                USB_DevConnect
 .text.USB_DevDisconnect
                0x08002bae       0x2e Drivers\STM32F7xx_HAL_Driver\Src\stm32f7xx_ll_usb.o
                0x08002bae                USB_DevDisconnect
 .text.USB_ReadInterrupts
                0x08002bdc       0x2a Drivers\STM32F7xx_HAL_Driver\Src\stm32f7xx_ll_usb.o
                0x08002bdc                USB_ReadInterrupts
 .text.USB_ReadDevAllOutEpInterrupt
                0x08002c06       0x30 Drivers\STM32F7xx_HAL_Driver\Src\stm32f7xx_ll_usb.o
                0x08002c06                USB_ReadDevAllOutEpInterrupt
 .text.USB_ReadDevAllInEpInterrupt
                0x08002c36       0x30 Drivers\STM32F7xx_HAL_Driver\Src\stm32f7xx_ll_usb.o
                0x08002c36                USB_ReadDevAllInEpInterrupt
 .text.USB_ReadDevOutEPInterrupt
                0x08002c66       0x38 Drivers\STM32F7xx_HAL_Driver\Src\stm32f7xx_ll_usb.o
                0x08002c66                USB_ReadDevOutEPInterrupt
 .text.USB_ReadDevInEPInterrupt
                0x08002c9e       0x54 Drivers\STM32F7xx_HAL_Driver\Src\stm32f7xx_ll_usb.o
                0x08002c9e                USB_ReadDevInEPInterrupt
 .text.USB_GetMode
                0x08002cf2       0x1c Drivers\STM32F7xx_HAL_Driver\Src\stm32f7xx_ll_usb.o
                0x08002cf2                USB_GetMode
 *fill*         0x08002d0e        0x2 
 .text.USB_ActivateSetup
                0x08002d10       0x6c Drivers\STM32F7xx_HAL_Driver\Src\stm32f7xx_ll_usb.o
                0x08002d10                USB_ActivateSetup
 .text.USB_EP0_OutStart
                0x08002d7c       0x8a Drivers\STM32F7xx_HAL_Driver\Src\stm32f7xx_ll_usb.o
                0x08002d7c                USB_EP0_OutStart
 *fill*         0x08002e06        0x2 
 .text.USB_CoreReset
                0x08002e08       0x68 Drivers\STM32F7xx_HAL_Driver\Src\stm32f7xx_ll_usb.o
 .text.USBD_CDC_Init
                0x08002e70       0xd4 Middlewares\ST\STM32_USB_Device_Library\Class\CDC\Src\usbd_cdc.o
 .text.USBD_CDC_DeInit
                0x08002f44       0x5a Middlewares\ST\STM32_USB_Device_Library\Class\CDC\Src\usbd_cdc.o
 *fill*         0x08002f9e        0x2 
 .text.USBD_CDC_Setup
                0x08002fa0       0xbc Middlewares\ST\STM32_USB_Device_Library\Class\CDC\Src\usbd_cdc.o
 .text.USBD_CDC_DataIn
                0x0800305c       0x38 Middlewares\ST\STM32_USB_Device_Library\Class\CDC\Src\usbd_cdc.o
 .text.USBD_CDC_DataOut
                0x08003094       0x56 Middlewares\ST\STM32_USB_Device_Library\Class\CDC\Src\usbd_cdc.o
 .text.USBD_CDC_EP0_RxReady
                0x080030ea       0x50 Middlewares\ST\STM32_USB_Device_Library\Class\CDC\Src\usbd_cdc.o
 *fill*         0x0800313a        0x2 
 .text.USBD_CDC_GetFSCfgDesc
                0x0800313c       0x20 Middlewares\ST\STM32_USB_Device_Library\Class\CDC\Src\usbd_cdc.o
 .text.USBD_CDC_GetHSCfgDesc
                0x0800315c       0x20 Middlewares\ST\STM32_USB_Device_Library\Class\CDC\Src\usbd_cdc.o
 .text.USBD_CDC_GetOtherSpeedCfgDesc
                0x0800317c       0x20 Middlewares\ST\STM32_USB_Device_Library\Class\CDC\Src\usbd_cdc.o
 .text.USBD_CDC_GetDeviceQualifierDescriptor
                0x0800319c       0x20 Middlewares\ST\STM32_USB_Device_Library\Class\CDC\Src\usbd_cdc.o
                0x0800319c                USBD_CDC_GetDeviceQualifierDescriptor
 .text.USBD_CDC_RegisterInterface
                0x080031bc       0x2e Middlewares\ST\STM32_USB_Device_Library\Class\CDC\Src\usbd_cdc.o
                0x080031bc                USBD_CDC_RegisterInterface
 .text.USBD_CDC_SetTxBuffer
                0x080031ea       0x34 Middlewares\ST\STM32_USB_Device_Library\Class\CDC\Src\usbd_cdc.o
                0x080031ea                USBD_CDC_SetTxBuffer
 .text.USBD_CDC_SetRxBuffer
                0x0800321e       0x28 Middlewares\ST\STM32_USB_Device_Library\Class\CDC\Src\usbd_cdc.o
                0x0800321e                USBD_CDC_SetRxBuffer
 .text.USBD_CDC_ReceivePacket
                0x08003246       0x54 Middlewares\ST\STM32_USB_Device_Library\Class\CDC\Src\usbd_cdc.o
                0x08003246                USBD_CDC_ReceivePacket
 .text.USBD_Init
                0x0800329a       0x56 Middlewares\ST\STM32_USB_Device_Library\Core\Src\usbd_core.o
                0x0800329a                USBD_Init
 .text.USBD_RegisterClass
                0x080032f0       0x34 Middlewares\ST\STM32_USB_Device_Library\Core\Src\usbd_core.o
                0x080032f0                USBD_RegisterClass
 .text.USBD_Start
                0x08003324       0x18 Middlewares\ST\STM32_USB_Device_Library\Core\Src\usbd_core.o
                0x08003324                USBD_Start
 .text.USBD_RunTestMode
                0x0800333c       0x16 Middlewares\ST\STM32_USB_Device_Library\Core\Src\usbd_core.o
                0x0800333c                USBD_RunTestMode
 .text.USBD_SetClassConfig
                0x08003352       0x3e Middlewares\ST\STM32_USB_Device_Library\Core\Src\usbd_core.o
                0x08003352                USBD_SetClassConfig
 .text.USBD_ClrClassConfig
                0x08003390       0x26 Middlewares\ST\STM32_USB_Device_Library\Core\Src\usbd_core.o
                0x08003390                USBD_ClrClassConfig
 .text.USBD_LL_SetupStage
                0x080033b6       0x94 Middlewares\ST\STM32_USB_Device_Library\Core\Src\usbd_core.o
                0x080033b6                USBD_LL_SetupStage
 .text.USBD_LL_DataOutStage
                0x0800344a       0xb6 Middlewares\ST\STM32_USB_Device_Library\Core\Src\usbd_core.o
                0x0800344a                USBD_LL_DataOutStage
 .text.USBD_LL_DataInStage
                0x08003500      0x11e Middlewares\ST\STM32_USB_Device_Library\Core\Src\usbd_core.o
                0x08003500                USBD_LL_DataInStage
 .text.USBD_LL_Reset
                0x0800361e       0x5e Middlewares\ST\STM32_USB_Device_Library\Core\Src\usbd_core.o
                0x0800361e                USBD_LL_Reset
 .text.USBD_LL_SetSpeed
                0x0800367c       0x20 Middlewares\ST\STM32_USB_Device_Library\Core\Src\usbd_core.o
                0x0800367c                USBD_LL_SetSpeed
 .text.USBD_LL_Suspend
                0x0800369c       0x2a Middlewares\ST\STM32_USB_Device_Library\Core\Src\usbd_core.o
                0x0800369c                USBD_LL_Suspend
 .text.USBD_LL_Resume
                0x080036c6       0x22 Middlewares\ST\STM32_USB_Device_Library\Core\Src\usbd_core.o
                0x080036c6                USBD_LL_Resume
 .text.USBD_LL_SOF
                0x080036e8       0x34 Middlewares\ST\STM32_USB_Device_Library\Core\Src\usbd_core.o
                0x080036e8                USBD_LL_SOF
 .text.USBD_LL_IsoINIncomplete
                0x0800371c       0x1a Middlewares\ST\STM32_USB_Device_Library\Core\Src\usbd_core.o
                0x0800371c                USBD_LL_IsoINIncomplete
 .text.USBD_LL_IsoOUTIncomplete
                0x08003736       0x1a Middlewares\ST\STM32_USB_Device_Library\Core\Src\usbd_core.o
                0x08003736                USBD_LL_IsoOUTIncomplete
 .text.USBD_LL_DevConnected
                0x08003750       0x16 Middlewares\ST\STM32_USB_Device_Library\Core\Src\usbd_core.o
                0x08003750                USBD_LL_DevConnected
 .text.USBD_LL_DevDisconnected
                0x08003766       0x2e Middlewares\ST\STM32_USB_Device_Library\Core\Src\usbd_core.o
                0x08003766                USBD_LL_DevDisconnected
 .text.USBD_StdDevReq
                0x08003794       0xa0 Middlewares\ST\STM32_USB_Device_Library\Core\Src\usbd_ctlreq.o
                0x08003794                USBD_StdDevReq
 .text.USBD_StdItfReq
                0x08003834       0x66 Middlewares\ST\STM32_USB_Device_Library\Core\Src\usbd_ctlreq.o
                0x08003834                USBD_StdItfReq
 .text.USBD_StdEPReq
                0x0800389a      0x1b0 Middlewares\ST\STM32_USB_Device_Library\Core\Src\usbd_ctlreq.o
                0x0800389a                USBD_StdEPReq
 *fill*         0x08003a4a        0x2 
 .text.USBD_GetDescriptor
                0x08003a4c      0x220 Middlewares\ST\STM32_USB_Device_Library\Core\Src\usbd_ctlreq.o
 .text.USBD_SetAddress
                0x08003c6c       0x7c Middlewares\ST\STM32_USB_Device_Library\Core\Src\usbd_ctlreq.o
 .text.USBD_SetConfig
                0x08003ce8      0x110 Middlewares\ST\STM32_USB_Device_Library\Core\Src\usbd_ctlreq.o
 .text.USBD_GetConfig
                0x08003df8       0x64 Middlewares\ST\STM32_USB_Device_Library\Core\Src\usbd_ctlreq.o
 .text.USBD_GetStatus
                0x08003e5c       0x54 Middlewares\ST\STM32_USB_Device_Library\Core\Src\usbd_ctlreq.o
 .text.USBD_SetFeature
                0x08003eb0       0x36 Middlewares\ST\STM32_USB_Device_Library\Core\Src\usbd_ctlreq.o
 .text.USBD_ClrFeature
                0x08003ee6       0x50 Middlewares\ST\STM32_USB_Device_Library\Core\Src\usbd_ctlreq.o
 .text.USBD_ParseSetupRequest
                0x08003f36       0x7a Middlewares\ST\STM32_USB_Device_Library\Core\Src\usbd_ctlreq.o
                0x08003f36                USBD_ParseSetupRequest
 .text.USBD_CtlError
                0x08003fb0       0x22 Middlewares\ST\STM32_USB_Device_Library\Core\Src\usbd_ctlreq.o
                0x08003fb0                USBD_CtlError
 .text.USBD_GetString
                0x08003fd2       0x86 Middlewares\ST\STM32_USB_Device_Library\Core\Src\usbd_ctlreq.o
                0x08003fd2                USBD_GetString
 .text.USBD_GetLen
                0x08004058       0x30 Middlewares\ST\STM32_USB_Device_Library\Core\Src\usbd_ctlreq.o
 .text.USBD_CtlSendData
                0x08004088       0x38 Middlewares\ST\STM32_USB_Device_Library\Core\Src\usbd_ioreq.o
                0x08004088                USBD_CtlSendData
 .text.USBD_CtlContinueSendData
                0x080040c0       0x24 Middlewares\ST\STM32_USB_Device_Library\Core\Src\usbd_ioreq.o
                0x080040c0                USBD_CtlContinueSendData
 .text.USBD_CtlPrepareRx
                0x080040e4       0x3c Middlewares\ST\STM32_USB_Device_Library\Core\Src\usbd_ioreq.o
                0x080040e4                USBD_CtlPrepareRx
 .text.USBD_CtlContinueRx
                0x08004120       0x24 Middlewares\ST\STM32_USB_Device_Library\Core\Src\usbd_ioreq.o
                0x08004120                USBD_CtlContinueRx
 .text.USBD_CtlSendStatus
                0x08004144       0x26 Middlewares\ST\STM32_USB_Device_Library\Core\Src\usbd_ioreq.o
                0x08004144                USBD_CtlSendStatus
 .text.USBD_CtlReceiveStatus
                0x0800416a       0x26 Middlewares\ST\STM32_USB_Device_Library\Core\Src\usbd_ioreq.o
                0x0800416a                USBD_CtlReceiveStatus
 .text.NVIC_SetPriority
                0x08004190       0x58 src\main.o
 .text.SysTick_Config
                0x080041e8       0x44 src\main.o
 .text.SysTick_Handler
                0x0800422c       0x10 src\main.o
                0x0800422c                SysTick_Handler
 .text.main     0x0800423c       0x84 src\main.o
                0x0800423c                main
 .text._Error_Handler
                0x080042c0        0xc src\main.o
                0x080042c0                _Error_Handler
 .text.Reset_Handler
                0x080042cc       0x50 src\startup_stm32f765xx.o
                0x080042cc                Reset_Handler
 .text.Default_Handler
                0x0800431c        0x2 src\startup_stm32f765xx.o
                0x0800431c                RTC_Alarm_IRQHandler
                0x0800431c                EXTI2_IRQHandler
                0x0800431c                TIM8_CC_IRQHandler
                0x0800431c                DebugMon_Handler
                0x0800431c                UART8_IRQHandler
                0x0800431c                SPI4_IRQHandler
                0x0800431c                TIM1_CC_IRQHandler
                0x0800431c                DMA2_Stream5_IRQHandler
                0x0800431c                HardFault_Handler
                0x0800431c                DMA1_Stream5_IRQHandler
                0x0800431c                CAN3_RX1_IRQHandler
                0x0800431c                PVD_IRQHandler
                0x0800431c                TAMP_STAMP_IRQHandler
                0x0800431c                PendSV_Handler
                0x0800431c                NMI_Handler
                0x0800431c                CAN2_RX1_IRQHandler
                0x0800431c                EXTI3_IRQHandler
                0x0800431c                TIM8_TRG_COM_TIM14_IRQHandler
                0x0800431c                DFSDM1_FLT1_IRQHandler
                0x0800431c                TIM1_UP_TIM10_IRQHandler
                0x0800431c                TIM8_UP_TIM13_IRQHandler
                0x0800431c                I2C3_ER_IRQHandler
                0x0800431c                DFSDM1_FLT2_IRQHandler
                0x0800431c                EXTI0_IRQHandler
                0x0800431c                I2C2_EV_IRQHandler
                0x0800431c                DMA1_Stream2_IRQHandler
                0x0800431c                CAN1_RX0_IRQHandler
                0x0800431c                FPU_IRQHandler
                0x0800431c                OTG_HS_WKUP_IRQHandler
                0x0800431c                CAN3_SCE_IRQHandler
                0x0800431c                UsageFault_Handler
                0x0800431c                CAN2_SCE_IRQHandler
                0x0800431c                DMA2_Stream2_IRQHandler
                0x0800431c                SPI1_IRQHandler
                0x0800431c                TIM6_DAC_IRQHandler
                0x0800431c                TIM1_BRK_TIM9_IRQHandler
                0x0800431c                DCMI_IRQHandler
                0x0800431c                CAN2_RX0_IRQHandler
                0x0800431c                DMA2_Stream3_IRQHandler
                0x0800431c                SAI2_IRQHandler
                0x0800431c                DFSDM1_FLT3_IRQHandler
                0x0800431c                USART6_IRQHandler
                0x0800431c                CAN3_RX0_IRQHandler
                0x0800431c                USART3_IRQHandler
                0x0800431c                CAN1_RX1_IRQHandler
                0x0800431c                UART5_IRQHandler
                0x0800431c                DMA2_Stream0_IRQHandler
                0x0800431c                TIM4_IRQHandler
                0x0800431c                QUADSPI_IRQHandler
                0x0800431c                I2C1_EV_IRQHandler
                0x0800431c                DMA1_Stream6_IRQHandler
                0x0800431c                DMA1_Stream1_IRQHandler
                0x0800431c                UART4_IRQHandler
                0x0800431c                TIM3_IRQHandler
                0x0800431c                RCC_IRQHandler
                0x0800431c                TIM8_BRK_TIM12_IRQHandler
                0x0800431c                Default_Handler
                0x0800431c                CEC_IRQHandler
                0x0800431c                EXTI15_10_IRQHandler
                0x0800431c                ADC_IRQHandler
                0x0800431c                DMA1_Stream7_IRQHandler
                0x0800431c                SPI5_IRQHandler
                0x0800431c                TIM7_IRQHandler
                0x0800431c                SDMMC1_IRQHandler
                0x0800431c                CAN2_TX_IRQHandler
                0x0800431c                TIM5_IRQHandler
                0x0800431c                DMA2_Stream7_IRQHandler
                0x0800431c                I2C3_EV_IRQHandler
                0x0800431c                EXTI9_5_IRQHandler
                0x0800431c                RTC_WKUP_IRQHandler
                0x0800431c                ETH_WKUP_IRQHandler
                0x0800431c                SPDIF_RX_IRQHandler
                0x0800431c                SPI2_IRQHandler
                0x0800431c                OTG_HS_EP1_IN_IRQHandler
                0x0800431c                MemManage_Handler
                0x0800431c                DMA1_Stream0_IRQHandler
                0x0800431c                CAN1_TX_IRQHandler
                0x0800431c                SVC_Handler
                0x0800431c                EXTI4_IRQHandler
                0x0800431c                RNG_IRQHandler
                0x0800431c                ETH_IRQHandler
                0x0800431c                OTG_HS_EP1_OUT_IRQHandler
                0x0800431c                WWDG_IRQHandler
                0x0800431c                SPI6_IRQHandler
                0x0800431c                MDIOS_IRQHandler
                0x0800431c                I2C4_EV_IRQHandler
                0x0800431c                CAN3_TX_IRQHandler
                0x0800431c                TIM2_IRQHandler
                0x0800431c                OTG_FS_WKUP_IRQHandler
                0x0800431c                TIM1_TRG_COM_TIM11_IRQHandler
                0x0800431c                OTG_HS_IRQHandler
                0x0800431c                DMA2D_IRQHandler
                0x0800431c                EXTI1_IRQHandler
                0x0800431c                SDMMC2_IRQHandler
                0x0800431c                UART7_IRQHandler
                0x0800431c                USART2_IRQHandler
                0x0800431c                DFSDM1_FLT0_IRQHandler
                0x0800431c                I2C2_ER_IRQHandler
                0x0800431c                DMA2_Stream1_IRQHandler
                0x0800431c                CAN1_SCE_IRQHandler
                0x0800431c                FLASH_IRQHandler
                0x0800431c                DMA2_Stream4_IRQHandler
                0x0800431c                BusFault_Handler
                0x0800431c                USART1_IRQHandler
                0x0800431c                SPI3_IRQHandler
                0x0800431c                DMA1_Stream4_IRQHandler
                0x0800431c                I2C1_ER_IRQHandler
                0x0800431c                FMC_IRQHandler
                0x0800431c                LPTIM1_IRQHandler
                0x0800431c                I2C4_ER_IRQHandler
                0x0800431c                DMA2_Stream6_IRQHandler
                0x0800431c                SAI1_IRQHandler
                0x0800431c                DMA1_Stream3_IRQHandler
 *fill*         0x0800431e        0x2 
 .text.SystemInit
                0x08004320       0x6c src\system_stm32f7xx.o
                0x08004320                SystemInit
 .text.MX_USB_DEVICE_Init
                0x0800438c       0x38 src\usb_device.o
                0x0800438c                MX_USB_DEVICE_Init
 .text.CDC_Init_FS
                0x080043c4       0x28 src\usbd_cdc_if.o
 .text.CDC_DeInit_FS
                0x080043ec       0x10 src\usbd_cdc_if.o
 .text.CDC_Control_FS
                0x080043fc       0xbc src\usbd_cdc_if.o
 .text.CDC_Receive_FS
                0x080044b8       0x28 src\usbd_cdc_if.o
 .text.HAL_PCD_MspInit
                0x080044e0       0x84 src\usbd_conf.o
                0x080044e0                HAL_PCD_MspInit
 .text.HAL_PCD_SetupStageCallback
                0x08004564       0x24 src\usbd_conf.o
                0x08004564                HAL_PCD_SetupStageCallback
 .text.HAL_PCD_DataOutStageCallback
                0x08004588       0x36 src\usbd_conf.o
                0x08004588                HAL_PCD_DataOutStageCallback
 .text.HAL_PCD_DataInStageCallback
                0x080045be       0x34 src\usbd_conf.o
                0x080045be                HAL_PCD_DataInStageCallback
 .text.HAL_PCD_SOFCallback
                0x080045f2       0x1c src\usbd_conf.o
                0x080045f2                HAL_PCD_SOFCallback
 .text.HAL_PCD_ResetCallback
                0x0800460e       0x50 src\usbd_conf.o
                0x0800460e                HAL_PCD_ResetCallback
 *fill*         0x0800465e        0x2 
 .text.HAL_PCD_SuspendCallback
                0x08004660       0x50 src\usbd_conf.o
                0x08004660                HAL_PCD_SuspendCallback
 .text.HAL_PCD_ResumeCallback
                0x080046b0       0x1c src\usbd_conf.o
                0x080046b0                HAL_PCD_ResumeCallback
 .text.HAL_PCD_ISOOUTIncompleteCallback
                0x080046cc       0x24 src\usbd_conf.o
                0x080046cc                HAL_PCD_ISOOUTIncompleteCallback
 .text.HAL_PCD_ISOINIncompleteCallback
                0x080046f0       0x24 src\usbd_conf.o
                0x080046f0                HAL_PCD_ISOINIncompleteCallback
 .text.HAL_PCD_ConnectCallback
                0x08004714       0x1c src\usbd_conf.o
                0x08004714                HAL_PCD_ConnectCallback
 .text.HAL_PCD_DisconnectCallback
                0x08004730       0x1c src\usbd_conf.o
                0x08004730                HAL_PCD_DisconnectCallback
 .text.USBD_LL_Init
                0x0800474c       0xa8 src\usbd_conf.o
                0x0800474c                USBD_LL_Init
 .text.USBD_LL_Start
                0x080047f4       0x64 src\usbd_conf.o
                0x080047f4                USBD_LL_Start
 .text.USBD_LL_OpenEP
                0x08004858       0x7c src\usbd_conf.o
                0x08004858                USBD_LL_OpenEP
 .text.USBD_LL_CloseEP
                0x080048d4       0x6c src\usbd_conf.o
                0x080048d4                USBD_LL_CloseEP
 .text.USBD_LL_StallEP
                0x08004940       0x6c src\usbd_conf.o
                0x08004940                USBD_LL_StallEP
 .text.USBD_LL_ClearStallEP
                0x080049ac       0x6c src\usbd_conf.o
                0x080049ac                USBD_LL_ClearStallEP
 .text.USBD_LL_IsStallEP
                0x08004a18       0x58 src\usbd_conf.o
                0x08004a18                USBD_LL_IsStallEP
 .text.USBD_LL_SetUSBAddress
                0x08004a70       0x6c src\usbd_conf.o
                0x08004a70                USBD_LL_SetUSBAddress
 .text.USBD_LL_Transmit
                0x08004adc       0x74 src\usbd_conf.o
                0x08004adc                USBD_LL_Transmit
 .text.USBD_LL_PrepareReceive
                0x08004b50       0x74 src\usbd_conf.o
                0x08004b50                USBD_LL_PrepareReceive
 .text.USBD_LL_GetRxDataSize
                0x08004bc4       0x26 src\usbd_conf.o
                0x08004bc4                USBD_LL_GetRxDataSize
 *fill*         0x08004bea        0x2 
 .text.HAL_PCDEx_LPM_Callback
                0x08004bec       0xa0 src\usbd_conf.o
                0x08004bec                HAL_PCDEx_LPM_Callback
 .text.OTG_FS_IRQHandler
                0x08004c8c       0x14 src\usbd_conf.o
                0x08004c8c                OTG_FS_IRQHandler
 .text.USBD_FS_DeviceDescriptor
                0x08004ca0       0x24 src\usbd_desc.o
                0x08004ca0                USBD_FS_DeviceDescriptor
 .text.USBD_FS_LangIDStrDescriptor
                0x08004cc4       0x24 src\usbd_desc.o
                0x08004cc4                USBD_FS_LangIDStrDescriptor
 .text.USBD_FS_ProductStrDescriptor
                0x08004ce8       0x3c src\usbd_desc.o
                0x08004ce8                USBD_FS_ProductStrDescriptor
 .text.USBD_FS_ManufacturerStrDescriptor
                0x08004d24       0x28 src\usbd_desc.o
                0x08004d24                USBD_FS_ManufacturerStrDescriptor
 .text.USBD_FS_SerialStrDescriptor
                0x08004d4c       0x3c src\usbd_desc.o
                0x08004d4c                USBD_FS_SerialStrDescriptor
 .text.USBD_FS_ConfigStrDescriptor
                0x08004d88       0x3c src\usbd_desc.o
                0x08004d88                USBD_FS_ConfigStrDescriptor
 .text.USBD_FS_InterfaceStrDescriptor
                0x08004dc4       0x3c src\usbd_desc.o
                0x08004dc4                USBD_FS_InterfaceStrDescriptor
 .text.USBD_FS_USR_BOSDescriptor
                0x08004e00       0x24 src\usbd_desc.o
                0x08004e00                USBD_FS_USR_BOSDescriptor
 .text.__libc_init_array
                0x08004e24       0x48 d:/program files (x86)/atollic/truestudio for stm32 9.0.0/armtools/bin/../lib/gcc/arm-atollic-eabi/6.3.1/../../../../arm-atollic-eabi/lib/armv7e-m/fpu/fpv5-sp-d16\libc_nano.a(lib_a-init.o)
                0x08004e24                __libc_init_array
 .text.malloc   0x08004e6c       0x10 d:/program files (x86)/atollic/truestudio for stm32 9.0.0/armtools/bin/../lib/gcc/arm-atollic-eabi/6.3.1/../../../../arm-atollic-eabi/lib/armv7e-m/fpu/fpv5-sp-d16\libc_nano.a(lib_a-malloc.o)
                0x08004e6c                malloc
 .text.free     0x08004e7c       0x10 d:/program files (x86)/atollic/truestudio for stm32 9.0.0/armtools/bin/../lib/gcc/arm-atollic-eabi/6.3.1/../../../../arm-atollic-eabi/lib/armv7e-m/fpu/fpv5-sp-d16\libc_nano.a(lib_a-malloc.o)
                0x08004e7c                free
 .text._free_r  0x08004e8c       0x9c d:/program files (x86)/atollic/truestudio for stm32 9.0.0/armtools/bin/../lib/gcc/arm-atollic-eabi/6.3.1/../../../../arm-atollic-eabi/lib/armv7e-m/fpu/fpv5-sp-d16\libc_nano.a(lib_a-nano-freer.o)
                0x08004e8c                _free_r
 .text._malloc_r
                0x08004f28       0xbc d:/program files (x86)/atollic/truestudio for stm32 9.0.0/armtools/bin/../lib/gcc/arm-atollic-eabi/6.3.1/../../../../arm-atollic-eabi/lib/armv7e-m/fpu/fpv5-sp-d16\libc_nano.a(lib_a-nano-mallocr.o)
                0x08004f28                _malloc_r
 .text._sbrk_r  0x08004fe4       0x20 d:/program files (x86)/atollic/truestudio for stm32 9.0.0/armtools/bin/../lib/gcc/arm-atollic-eabi/6.3.1/../../../../arm-atollic-eabi/lib/armv7e-m/fpu/fpv5-sp-d16\libc_nano.a(lib_a-sbrkr.o)
                0x08004fe4                _sbrk_r
 .text.__malloc_lock
                0x08005004        0x2 d:/program files (x86)/atollic/truestudio for stm32 9.0.0/armtools/bin/../lib/gcc/arm-atollic-eabi/6.3.1/../../../../arm-atollic-eabi/lib/armv7e-m/fpu/fpv5-sp-d16\libc_nano.a(lib_a-mlock.o)
                0x08005004                __malloc_lock
 .text.__malloc_unlock
                0x08005006        0x2 d:/program files (x86)/atollic/truestudio for stm32 9.0.0/armtools/bin/../lib/gcc/arm-atollic-eabi/6.3.1/../../../../arm-atollic-eabi/lib/armv7e-m/fpu/fpv5-sp-d16\libc_nano.a(lib_a-mlock.o)
                0x08005006                __malloc_unlock
 .text._sbrk    0x08005008       0x1c d:/program files (x86)/atollic/truestudio for stm32 9.0.0/armtools/bin/../lib/gcc/arm-atollic-eabi/6.3.1/../../../../arm-atollic-eabi/lib/armv7e-m/fpu/fpv5-sp-d16\libnosys.a(sbrk.o)
                0x08005008                _sbrk
 *(.glue_7)
 .glue_7        0x08005024        0x0 linker stubs
 *(.glue_7t)
 .glue_7t       0x08005024        0x0 linker stubs
 *(.eh_frame)
 .eh_frame      0x08005024        0x0 d:/program files (x86)/atollic/truestudio for stm32 9.0.0/armtools/bin/../lib/gcc/arm-atollic-eabi/6.3.1/armv7e-m/fpu/fpv5-sp-d16/crtbegin.o
 *(.init)
 .init          0x08005024        0x4 d:/program files (x86)/atollic/truestudio for stm32 9.0.0/armtools/bin/../lib/gcc/arm-atollic-eabi/6.3.1/armv7e-m/fpu/fpv5-sp-d16/crti.o
                0x08005024                _init
 .init          0x08005028        0x8 d:/program files (x86)/atollic/truestudio for stm32 9.0.0/armtools/bin/../lib/gcc/arm-atollic-eabi/6.3.1/armv7e-m/fpu/fpv5-sp-d16/crtn.o
 *(.fini)
 .fini          0x08005030        0x4 d:/program files (x86)/atollic/truestudio for stm32 9.0.0/armtools/bin/../lib/gcc/arm-atollic-eabi/6.3.1/armv7e-m/fpu/fpv5-sp-d16/crti.o
                0x08005030                _fini
 .fini          0x08005034        0x8 d:/program files (x86)/atollic/truestudio for stm32 9.0.0/armtools/bin/../lib/gcc/arm-atollic-eabi/6.3.1/armv7e-m/fpu/fpv5-sp-d16/crtn.o
                0x0800503c                . = ALIGN (0x4)
                0x0800503c                _etext = .

.vfp11_veneer   0x0800503c        0x0
 .vfp11_veneer  0x0800503c        0x0 linker stubs

.v4_bx          0x0800503c        0x0
 .v4_bx         0x0800503c        0x0 linker stubs

.iplt           0x0800503c        0x0
 .iplt          0x0800503c        0x0 d:/program files (x86)/atollic/truestudio for stm32 9.0.0/armtools/bin/../lib/gcc/arm-atollic-eabi/6.3.1/armv7e-m/fpu/fpv5-sp-d16/crtbegin.o

.rodata         0x0800503c       0x6c
                0x0800503c                . = ALIGN (0x4)
 *(.rodata)
 .rodata        0x0800503c       0x13 src\usbd_conf.o
 *fill*         0x0800504f        0x1 
 .rodata        0x08005050       0x56 src\usbd_desc.o
 *(.rodata*)
                0x080050a8                . = ALIGN (0x4)
 *fill*         0x080050a6        0x2 

.rel.dyn        0x080050a8        0x0
 .rel.iplt      0x080050a8        0x0 d:/program files (x86)/atollic/truestudio for stm32 9.0.0/armtools/bin/../lib/gcc/arm-atollic-eabi/6.3.1/armv7e-m/fpu/fpv5-sp-d16/crtbegin.o

.ARM.extab
 *(.ARM.extab* .gnu.linkonce.armextab.*)

.ARM            0x080050a8        0x0
                0x080050a8                __exidx_start = .
 *(.ARM.exidx*)
                0x080050a8                __exidx_end = .

.preinit_array  0x080050a8        0x0
                0x080050a8                PROVIDE (__preinit_array_start, .)
 *(.preinit_array*)
                0x080050a8                PROVIDE (__preinit_array_end, .)

.init_array     0x080050a8        0x4
                0x080050a8                PROVIDE (__init_array_start, .)
 *(SORT(.init_array.*))
 *(.init_array*)
 .init_array    0x080050a8        0x4 d:/program files (x86)/atollic/truestudio for stm32 9.0.0/armtools/bin/../lib/gcc/arm-atollic-eabi/6.3.1/armv7e-m/fpu/fpv5-sp-d16/crtbegin.o
                0x080050ac                PROVIDE (__init_array_end, .)

.fini_array     0x080050ac        0x4
                [!provide]                PROVIDE (__fini_array_start, .)
 *(SORT(.fini_array.*))
 *(.fini_array*)
 .fini_array    0x080050ac        0x4 d:/program files (x86)/atollic/truestudio for stm32 9.0.0/armtools/bin/../lib/gcc/arm-atollic-eabi/6.3.1/armv7e-m/fpu/fpv5-sp-d16/crtbegin.o
                [!provide]                PROVIDE (__fini_array_end, .)
                0x080050b0                _sidata = LOADADDR (.data)

.data           0x20020000      0x1d0 load address 0x080050b0
                0x20020000                . = ALIGN (0x4)
                0x20020000                _sdata = .
 *(.data)
 *(.data*)
 .data.uwTickFreq
                0x20020000        0x1 Drivers\STM32F7xx_HAL_Driver\Src\stm32f7xx_hal.o
                0x20020000                uwTickFreq
 *fill*         0x20020001        0x3 
 .data.USBD_CDC_DeviceQualifierDesc
                0x20020004        0xa Middlewares\ST\STM32_USB_Device_Library\Class\CDC\Src\usbd_cdc.o
 *fill*         0x2002000e        0x2 
 .data.USBD_CDC
                0x20020010       0x38 Middlewares\ST\STM32_USB_Device_Library\Class\CDC\Src\usbd_cdc.o
                0x20020010                USBD_CDC
 .data.USBD_CDC_CfgHSDesc
                0x20020048       0x43 Middlewares\ST\STM32_USB_Device_Library\Class\CDC\Src\usbd_cdc.o
                0x20020048                USBD_CDC_CfgHSDesc
 *fill*         0x2002008b        0x1 
 .data.USBD_CDC_CfgFSDesc
                0x2002008c       0x43 Middlewares\ST\STM32_USB_Device_Library\Class\CDC\Src\usbd_cdc.o
                0x2002008c                USBD_CDC_CfgFSDesc
 *fill*         0x200200cf        0x1 
 .data.USBD_CDC_OtherSpeedCfgDesc
                0x200200d0       0x43 Middlewares\ST\STM32_USB_Device_Library\Class\CDC\Src\usbd_cdc.o
                0x200200d0                USBD_CDC_OtherSpeedCfgDesc
 *fill*         0x20020113        0x1 
 .data.SystemCoreClock
                0x20020114        0x4 src\system_stm32f7xx.o
                0x20020114                SystemCoreClock
 .data.USBD_Interface_fops_FS
                0x20020118       0x10 src\usbd_cdc_if.o
                0x20020118                USBD_Interface_fops_FS
 .data.FS_Desc  0x20020128       0x20 src\usbd_desc.o
                0x20020128                FS_Desc
 .data.USBD_FS_DeviceDesc
                0x20020148       0x12 src\usbd_desc.o
                0x20020148                USBD_FS_DeviceDesc
 *fill*         0x2002015a        0x2 
 .data.USBD_FS_BOSDesc
                0x2002015c        0xc src\usbd_desc.o
                0x2002015c                USBD_FS_BOSDesc
 .data.USBD_LangIDDesc
                0x20020168        0x4 src\usbd_desc.o
                0x20020168                USBD_LangIDDesc
 .data._impure_ptr
                0x2002016c        0x4 d:/program files (x86)/atollic/truestudio for stm32 9.0.0/armtools/bin/../lib/gcc/arm-atollic-eabi/6.3.1/../../../../arm-atollic-eabi/lib/armv7e-m/fpu/fpv5-sp-d16\libc_nano.a(lib_a-impure.o)
                0x2002016c                _impure_ptr
 .data.impure_data
                0x20020170       0x60 d:/program files (x86)/atollic/truestudio for stm32 9.0.0/armtools/bin/../lib/gcc/arm-atollic-eabi/6.3.1/../../../../arm-atollic-eabi/lib/armv7e-m/fpu/fpv5-sp-d16\libc_nano.a(lib_a-impure.o)
                0x200201d0                . = ALIGN (0x4)
                0x200201d0                _edata = .
                0x08005280                _sidtcmram = LOADADDR (.dtcmram)

.igot.plt       0x200201d0        0x0 load address 0x08005280
 .igot.plt      0x200201d0        0x0 d:/program files (x86)/atollic/truestudio for stm32 9.0.0/armtools/bin/../lib/gcc/arm-atollic-eabi/6.3.1/armv7e-m/fpu/fpv5-sp-d16/crtbegin.o

.dtcmram        0x20000000        0x0 load address 0x08005280
                0x20000000                . = ALIGN (0x4)
                0x20000000                _sdtcmram = .
 *(.dtcmram)
 *(.dtcmram*)
                0x20000000                . = ALIGN (0x4)
                0x20000000                _edtcmram = .
                0x08005280                _sisram2 = LOADADDR (.sram2)

.sram2          0x2007c000        0x0 load address 0x08005280
                0x2007c000                . = ALIGN (0x4)
                0x2007c000                _ssram2 = .
 *(.sram2)
 *(.sram2*)
                0x2007c000                . = ALIGN (0x4)
                0x2007c000                _esram2 = .
                0x2007c000                . = ALIGN (0x4)

.bss            0x200201d0     0x1858
                0x200201d0                _sbss = .
                0x200201d0                __bss_start__ = _sbss
 *(.bss)
 .bss           0x200201d0       0x1c d:/program files (x86)/atollic/truestudio for stm32 9.0.0/armtools/bin/../lib/gcc/arm-atollic-eabi/6.3.1/armv7e-m/fpu/fpv5-sp-d16/crtbegin.o
 *(.bss*)
 .bss.ifalt.10048
                0x200201ec        0x1 Middlewares\ST\STM32_USB_Device_Library\Class\CDC\Src\usbd_cdc.o
 .bss.cfgidx.10054
                0x200201ed        0x1 Middlewares\ST\STM32_USB_Device_Library\Core\Src\usbd_ctlreq.o
 *fill*         0x200201ee        0x2 
 .bss.__malloc_free_list
                0x200201f0        0x4 d:/program files (x86)/atollic/truestudio for stm32 9.0.0/armtools/bin/../lib/gcc/arm-atollic-eabi/6.3.1/../../../../arm-atollic-eabi/lib/armv7e-m/fpu/fpv5-sp-d16\libc_nano.a(lib_a-nano-mallocr.o)
                0x200201f0                __malloc_free_list
 .bss.__malloc_sbrk_start
                0x200201f4        0x4 d:/program files (x86)/atollic/truestudio for stm32 9.0.0/armtools/bin/../lib/gcc/arm-atollic-eabi/6.3.1/../../../../arm-atollic-eabi/lib/armv7e-m/fpu/fpv5-sp-d16\libc_nano.a(lib_a-nano-mallocr.o)
                0x200201f4                __malloc_sbrk_start
 .bss.heap_end.5239
                0x200201f8        0x4 d:/program files (x86)/atollic/truestudio for stm32 9.0.0/armtools/bin/../lib/gcc/arm-atollic-eabi/6.3.1/../../../../arm-atollic-eabi/lib/armv7e-m/fpu/fpv5-sp-d16\libnosys.a(sbrk.o)
 *(COMMON)
 COMMON         0x200201fc        0x4 Drivers\STM32F7xx_HAL_Driver\Src\stm32f7xx_hal.o
                0x200201fc                uwTick
 COMMON         0x20020200      0x224 src\usb_device.o
                0x20020200                hUsbDeviceFS
 COMMON         0x20020424     0x1000 src\usbd_cdc_if.o
                0x20020424                UserRxBufferFS
                0x20020c24                UserTxBufferFS
 COMMON         0x20021424      0x400 src\usbd_conf.o
                0x20021424                hpcd_USB_OTG_FS
 COMMON         0x20021824      0x200 src\usbd_desc.o
                0x20021824                USBD_StrDesc
 COMMON         0x20021a24        0x4 d:/program files (x86)/atollic/truestudio for stm32 9.0.0/armtools/bin/../lib/gcc/arm-atollic-eabi/6.3.1/../../../../arm-atollic-eabi/lib/armv7e-m/fpu/fpv5-sp-d16\libc_nano.a(lib_a-reent.o)
                0x20021a24                errno
                0x20021a28                . = ALIGN (0x4)
                0x20021a28                _ebss = .
                0x20021a28                __bss_end__ = _ebss

._user_heap_stack
                0x20021a28      0x400
                0x20021a28                . = ALIGN (0x4)
                0x20021a28                PROVIDE (end, .)
                [!provide]                PROVIDE (_end, .)
                0x20021a28                . = (. + _Min_Heap_Size)
                0x20021e28                . = (. + _Min_Stack_Size)
 *fill*         0x20021a28      0x400 
                0x20021e28                . = ALIGN (0x4)

.memory_b1_text
 *(.mb1text)
 *(.mb1text*)
 *(.mb1rodata)
 *(.mb1rodata*)

/DISCARD/
 libc.a(*)
 libm.a(*)
 libgcc.a(*)

.ARM.attributes
                0x00000000       0x30
 *(.ARM.attributes)
 .ARM.attributes
                0x00000000       0x22 d:/program files (x86)/atollic/truestudio for stm32 9.0.0/armtools/bin/../lib/gcc/arm-atollic-eabi/6.3.1/armv7e-m/fpu/fpv5-sp-d16/crti.o
 .ARM.attributes
                0x00000022       0x34 d:/program files (x86)/atollic/truestudio for stm32 9.0.0/armtools/bin/../lib/gcc/arm-atollic-eabi/6.3.1/armv7e-m/fpu/fpv5-sp-d16/crtbegin.o
 .ARM.attributes
                0x00000056       0x39 Drivers\STM32F7xx_HAL_Driver\Src\stm32f7xx_hal.o
 .ARM.attributes
                0x0000008f       0x39 Drivers\STM32F7xx_HAL_Driver\Src\stm32f7xx_hal_cortex.o
 .ARM.attributes
                0x000000c8       0x39 Drivers\STM32F7xx_HAL_Driver\Src\stm32f7xx_hal_gpio.o
 .ARM.attributes
                0x00000101       0x39 Drivers\STM32F7xx_HAL_Driver\Src\stm32f7xx_hal_pcd.o
 .ARM.attributes
                0x0000013a       0x39 Drivers\STM32F7xx_HAL_Driver\Src\stm32f7xx_hal_pcd_ex.o
 .ARM.attributes
                0x00000173       0x39 Drivers\STM32F7xx_HAL_Driver\Src\stm32f7xx_ll_usb.o
 .ARM.attributes
                0x000001ac       0x39 Middlewares\ST\STM32_USB_Device_Library\Class\CDC\Src\usbd_cdc.o
 .ARM.attributes
                0x000001e5       0x39 Middlewares\ST\STM32_USB_Device_Library\Core\Src\usbd_core.o
 .ARM.attributes
                0x0000021e       0x39 Middlewares\ST\STM32_USB_Device_Library\Core\Src\usbd_ctlreq.o
 .ARM.attributes
                0x00000257       0x39 Middlewares\ST\STM32_USB_Device_Library\Core\Src\usbd_ioreq.o
 .ARM.attributes
                0x00000290       0x39 src\main.o
 .ARM.attributes
                0x000002c9       0x21 src\startup_stm32f765xx.o
 .ARM.attributes
                0x000002ea       0x39 src\system_stm32f7xx.o
 .ARM.attributes
                0x00000323       0x39 src\usb_device.o
 .ARM.attributes
                0x0000035c       0x39 src\usbd_cdc_if.o
 .ARM.attributes
                0x00000395       0x39 src\usbd_conf.o
 .ARM.attributes
                0x000003ce       0x39 src\usbd_desc.o
 .ARM.attributes
                0x00000407       0x34 d:/program files (x86)/atollic/truestudio for stm32 9.0.0/armtools/bin/../lib/gcc/arm-atollic-eabi/6.3.1/../../../../arm-atollic-eabi/lib/armv7e-m/fpu/fpv5-sp-d16\libc_nano.a(lib_a-init.o)
 .ARM.attributes
                0x0000043b       0x34 d:/program files (x86)/atollic/truestudio for stm32 9.0.0/armtools/bin/../lib/gcc/arm-atollic-eabi/6.3.1/../../../../arm-atollic-eabi/lib/armv7e-m/fpu/fpv5-sp-d16\libc_nano.a(lib_a-malloc.o)
 .ARM.attributes
                0x0000046f       0x34 d:/program files (x86)/atollic/truestudio for stm32 9.0.0/armtools/bin/../lib/gcc/arm-atollic-eabi/6.3.1/../../../../arm-atollic-eabi/lib/armv7e-m/fpu/fpv5-sp-d16\libc_nano.a(lib_a-nano-freer.o)
 .ARM.attributes
                0x000004a3       0x34 d:/program files (x86)/atollic/truestudio for stm32 9.0.0/armtools/bin/../lib/gcc/arm-atollic-eabi/6.3.1/../../../../arm-atollic-eabi/lib/armv7e-m/fpu/fpv5-sp-d16\libc_nano.a(lib_a-nano-mallocr.o)
 .ARM.attributes
                0x000004d7       0x34 d:/program files (x86)/atollic/truestudio for stm32 9.0.0/armtools/bin/../lib/gcc/arm-atollic-eabi/6.3.1/../../../../arm-atollic-eabi/lib/armv7e-m/fpu/fpv5-sp-d16\libc_nano.a(lib_a-sbrkr.o)
 .ARM.attributes
                0x0000050b       0x34 d:/program files (x86)/atollic/truestudio for stm32 9.0.0/armtools/bin/../lib/gcc/arm-atollic-eabi/6.3.1/../../../../arm-atollic-eabi/lib/armv7e-m/fpu/fpv5-sp-d16\libc_nano.a(lib_a-impure.o)
 .ARM.attributes
                0x0000053f       0x34 d:/program files (x86)/atollic/truestudio for stm32 9.0.0/armtools/bin/../lib/gcc/arm-atollic-eabi/6.3.1/../../../../arm-atollic-eabi/lib/armv7e-m/fpu/fpv5-sp-d16\libc_nano.a(lib_a-mlock.o)
 .ARM.attributes
                0x00000573       0x34 d:/program files (x86)/atollic/truestudio for stm32 9.0.0/armtools/bin/../lib/gcc/arm-atollic-eabi/6.3.1/../../../../arm-atollic-eabi/lib/armv7e-m/fpu/fpv5-sp-d16\libc_nano.a(lib_a-reent.o)
 .ARM.attributes
                0x000005a7       0x34 d:/program files (x86)/atollic/truestudio for stm32 9.0.0/armtools/bin/../lib/gcc/arm-atollic-eabi/6.3.1/../../../../arm-atollic-eabi/lib/armv7e-m/fpu/fpv5-sp-d16\libnosys.a(sbrk.o)
 .ARM.attributes
                0x000005db       0x22 d:/program files (x86)/atollic/truestudio for stm32 9.0.0/armtools/bin/../lib/gcc/arm-atollic-eabi/6.3.1/armv7e-m/fpu/fpv5-sp-d16/crtn.o
OUTPUT(FreeRTOS_STM32F7.elf elf32-littlearm)

.debug_info     0x00000000    0x13305
 .debug_info    0x00000000     0x1222 Drivers\STM32F7xx_HAL_Driver\Src\stm32f7xx_hal.o
 .debug_info    0x00001222     0x1834 Drivers\STM32F7xx_HAL_Driver\Src\stm32f7xx_hal_cortex.o
 .debug_info    0x00002a56      0xfaa Drivers\STM32F7xx_HAL_Driver\Src\stm32f7xx_hal_gpio.o
 .debug_info    0x00003a00     0x180d Drivers\STM32F7xx_HAL_Driver\Src\stm32f7xx_hal_pcd.o
 .debug_info    0x0000520d      0xf75 Drivers\STM32F7xx_HAL_Driver\Src\stm32f7xx_hal_pcd_ex.o
 .debug_info    0x00006182     0x1cd2 Drivers\STM32F7xx_HAL_Driver\Src\stm32f7xx_ll_usb.o
 .debug_info    0x00007e54     0x12d4 Middlewares\ST\STM32_USB_Device_Library\Class\CDC\Src\usbd_cdc.o
 .debug_info    0x00009128     0x1176 Middlewares\ST\STM32_USB_Device_Library\Core\Src\usbd_core.o
 .debug_info    0x0000a29e     0x10d7 Middlewares\ST\STM32_USB_Device_Library\Core\Src\usbd_ctlreq.o
 .debug_info    0x0000b375      0xed7 Middlewares\ST\STM32_USB_Device_Library\Core\Src\usbd_ioreq.o
 .debug_info    0x0000c24c     0x1c73 src\main.o
 .debug_info    0x0000debf       0x8f src\startup_stm32f765xx.o
 .debug_info    0x0000df4e      0x6e7 src\system_stm32f7xx.o
 .debug_info    0x0000e635      0xe07 src\usb_device.o
 .debug_info    0x0000f43c      0xfdf src\usbd_cdc_if.o
 .debug_info    0x0001041b     0x2274 src\usbd_conf.o
 .debug_info    0x0001268f      0xc76 src\usbd_desc.o

.debug_abbrev   0x00000000     0x2692
 .debug_abbrev  0x00000000      0x282 Drivers\STM32F7xx_HAL_Driver\Src\stm32f7xx_hal.o
 .debug_abbrev  0x00000282      0x371 Drivers\STM32F7xx_HAL_Driver\Src\stm32f7xx_hal_cortex.o
 .debug_abbrev  0x000005f3      0x24c Drivers\STM32F7xx_HAL_Driver\Src\stm32f7xx_hal_gpio.o
 .debug_abbrev  0x0000083f      0x2de Drivers\STM32F7xx_HAL_Driver\Src\stm32f7xx_hal_pcd.o
 .debug_abbrev  0x00000b1d      0x23c Drivers\STM32F7xx_HAL_Driver\Src\stm32f7xx_hal_pcd_ex.o
 .debug_abbrev  0x00000d59      0x2c8 Drivers\STM32F7xx_HAL_Driver\Src\stm32f7xx_ll_usb.o
 .debug_abbrev  0x00001021      0x28c Middlewares\ST\STM32_USB_Device_Library\Class\CDC\Src\usbd_cdc.o
 .debug_abbrev  0x000012ad      0x25c Middlewares\ST\STM32_USB_Device_Library\Core\Src\usbd_core.o
 .debug_abbrev  0x00001509      0x28c Middlewares\ST\STM32_USB_Device_Library\Core\Src\usbd_ctlreq.o
 .debug_abbrev  0x00001795      0x1cc Middlewares\ST\STM32_USB_Device_Library\Core\Src\usbd_ioreq.o
 .debug_abbrev  0x00001961      0x315 src\main.o
 .debug_abbrev  0x00001c76       0x12 src\startup_stm32f765xx.o
 .debug_abbrev  0x00001c88      0x12a src\system_stm32f7xx.o
 .debug_abbrev  0x00001db2      0x1a6 src\usb_device.o
 .debug_abbrev  0x00001f58      0x271 src\usbd_cdc_if.o
 .debug_abbrev  0x000021c9      0x2b8 src\usbd_conf.o
 .debug_abbrev  0x00002481      0x211 src\usbd_desc.o

.debug_aranges  0x00000000      0x9d0
 .debug_aranges
                0x00000000      0x110 Drivers\STM32F7xx_HAL_Driver\Src\stm32f7xx_hal.o
 .debug_aranges
                0x00000110      0x118 Drivers\STM32F7xx_HAL_Driver\Src\stm32f7xx_hal_cortex.o
 .debug_aranges
                0x00000228       0x58 Drivers\STM32F7xx_HAL_Driver\Src\stm32f7xx_hal_gpio.o
 .debug_aranges
                0x00000280      0x120 Drivers\STM32F7xx_HAL_Driver\Src\stm32f7xx_hal_pcd.o
 .debug_aranges
                0x000003a0       0x40 Drivers\STM32F7xx_HAL_Driver\Src\stm32f7xx_hal_pcd_ex.o
 .debug_aranges
                0x000003e0      0x180 Drivers\STM32F7xx_HAL_Driver\Src\stm32f7xx_ll_usb.o
 .debug_aranges
                0x00000560       0x90 Middlewares\ST\STM32_USB_Device_Library\Class\CDC\Src\usbd_cdc.o
 .debug_aranges
                0x000005f0       0xb8 Middlewares\ST\STM32_USB_Device_Library\Core\Src\usbd_core.o
 .debug_aranges
                0x000006a8       0x88 Middlewares\ST\STM32_USB_Device_Library\Core\Src\usbd_ctlreq.o
 .debug_aranges
                0x00000730       0x50 Middlewares\ST\STM32_USB_Device_Library\Core\Src\usbd_ioreq.o
 .debug_aranges
                0x00000780       0x40 src\main.o
 .debug_aranges
                0x000007c0       0x28 src\startup_stm32f765xx.o
 .debug_aranges
                0x000007e8       0x28 src\system_stm32f7xx.o
 .debug_aranges
                0x00000810       0x20 src\usb_device.o
 .debug_aranges
                0x00000830       0x40 src\usbd_cdc_if.o
 .debug_aranges
                0x00000870      0x108 src\usbd_conf.o
 .debug_aranges
                0x00000978       0x58 src\usbd_desc.o

.debug_ranges   0x00000000      0x8c8
 .debug_ranges  0x00000000      0x100 Drivers\STM32F7xx_HAL_Driver\Src\stm32f7xx_hal.o
 .debug_ranges  0x00000100      0x108 Drivers\STM32F7xx_HAL_Driver\Src\stm32f7xx_hal_cortex.o
 .debug_ranges  0x00000208       0x48 Drivers\STM32F7xx_HAL_Driver\Src\stm32f7xx_hal_gpio.o
 .debug_ranges  0x00000250      0x110 Drivers\STM32F7xx_HAL_Driver\Src\stm32f7xx_hal_pcd.o
 .debug_ranges  0x00000360       0x30 Drivers\STM32F7xx_HAL_Driver\Src\stm32f7xx_hal_pcd_ex.o
 .debug_ranges  0x00000390      0x170 Drivers\STM32F7xx_HAL_Driver\Src\stm32f7xx_ll_usb.o
 .debug_ranges  0x00000500       0x80 Middlewares\ST\STM32_USB_Device_Library\Class\CDC\Src\usbd_cdc.o
 .debug_ranges  0x00000580       0xa8 Middlewares\ST\STM32_USB_Device_Library\Core\Src\usbd_core.o
 .debug_ranges  0x00000628       0x78 Middlewares\ST\STM32_USB_Device_Library\Core\Src\usbd_ctlreq.o
 .debug_ranges  0x000006a0       0x40 Middlewares\ST\STM32_USB_Device_Library\Core\Src\usbd_ioreq.o
 .debug_ranges  0x000006e0       0x30 src\main.o
 .debug_ranges  0x00000710       0x20 src\startup_stm32f765xx.o
 .debug_ranges  0x00000730       0x18 src\system_stm32f7xx.o
 .debug_ranges  0x00000748       0x10 src\usb_device.o
 .debug_ranges  0x00000758       0x30 src\usbd_cdc_if.o
 .debug_ranges  0x00000788       0xf8 src\usbd_conf.o
 .debug_ranges  0x00000880       0x48 src\usbd_desc.o

.debug_line     0x00000000     0x515f
 .debug_line    0x00000000      0x4eb Drivers\STM32F7xx_HAL_Driver\Src\stm32f7xx_hal.o
 .debug_line    0x000004eb      0x5c9 Drivers\STM32F7xx_HAL_Driver\Src\stm32f7xx_hal_cortex.o
 .debug_line    0x00000ab4      0x4c0 Drivers\STM32F7xx_HAL_Driver\Src\stm32f7xx_hal_gpio.o
 .debug_line    0x00000f74      0x832 Drivers\STM32F7xx_HAL_Driver\Src\stm32f7xx_hal_pcd.o
 .debug_line    0x000017a6      0x361 Drivers\STM32F7xx_HAL_Driver\Src\stm32f7xx_hal_pcd_ex.o
 .debug_line    0x00001b07      0x916 Drivers\STM32F7xx_HAL_Driver\Src\stm32f7xx_ll_usb.o
 .debug_line    0x0000241d      0x55a Middlewares\ST\STM32_USB_Device_Library\Class\CDC\Src\usbd_cdc.o
 .debug_line    0x00002977      0x526 Middlewares\ST\STM32_USB_Device_Library\Core\Src\usbd_core.o
 .debug_line    0x00002e9d      0x583 Middlewares\ST\STM32_USB_Device_Library\Core\Src\usbd_ctlreq.o
 .debug_line    0x00003420      0x3c1 Middlewares\ST\STM32_USB_Device_Library\Core\Src\usbd_ioreq.o
 .debug_line    0x000037e1      0x4d6 src\main.o
 .debug_line    0x00003cb7       0x7b src\startup_stm32f765xx.o
 .debug_line    0x00003d32      0x1d7 src\system_stm32f7xx.o
 .debug_line    0x00003f09      0x3d8 src\usb_device.o
 .debug_line    0x000042e1      0x40f src\usbd_cdc_if.o
 .debug_line    0x000046f0      0x6b9 src\usbd_conf.o
 .debug_line    0x00004da9      0x3b6 src\usbd_desc.o

.debug_str      0x00000000     0x35b3
 .debug_str     0x00000000     0x109d Drivers\STM32F7xx_HAL_Driver\Src\stm32f7xx_hal.o
                               0x1162 (size before relaxing)
 .debug_str     0x0000109d      0x4cc Drivers\STM32F7xx_HAL_Driver\Src\stm32f7xx_hal_cortex.o
                               0x12aa (size before relaxing)
 .debug_str     0x00001569      0x19f Drivers\STM32F7xx_HAL_Driver\Src\stm32f7xx_hal_gpio.o
                                0x99f (size before relaxing)
 .debug_str     0x00001708      0x889 Drivers\STM32F7xx_HAL_Driver\Src\stm32f7xx_hal_pcd.o
                                0xf44 (size before relaxing)
 .debug_str     0x00001f91       0xd9 Drivers\STM32F7xx_HAL_Driver\Src\stm32f7xx_hal_pcd_ex.o
                                0xb3e (size before relaxing)
 .debug_str     0x0000206a      0x5ca Drivers\STM32F7xx_HAL_Driver\Src\stm32f7xx_ll_usb.o
                               0x1070 (size before relaxing)
 .debug_str     0x00002634      0x569 Middlewares\ST\STM32_USB_Device_Library\Class\CDC\Src\usbd_cdc.o
                                0xcd8 (size before relaxing)
 .debug_str     0x00002b9d      0x1c1 Middlewares\ST\STM32_USB_Device_Library\Core\Src\usbd_core.o
                                0xbe9 (size before relaxing)
 .debug_str     0x00002d5e      0x12b Middlewares\ST\STM32_USB_Device_Library\Core\Src\usbd_ctlreq.o
                                0xb6f (size before relaxing)
 .debug_str     0x00002e89       0xc9 Middlewares\ST\STM32_USB_Device_Library\Core\Src\usbd_ioreq.o
                                0xaf7 (size before relaxing)
 .debug_str     0x00002f52      0x2b6 src\main.o
                               0x1501 (size before relaxing)
 .debug_str     0x00003208       0x56 src\system_stm32f7xx.o
                                0x49f (size before relaxing)
 .debug_str     0x0000325e       0x3e src\usb_device.o
                                0xa8b (size before relaxing)
 .debug_str     0x0000329c       0x7b src\usbd_cdc_if.o
                                0xb6f (size before relaxing)
 .debug_str     0x00003317      0x164 src\usbd_conf.o
                               0x19db (size before relaxing)
 .debug_str     0x0000347b      0x138 src\usbd_desc.o
                                0x8c4 (size before relaxing)

.comment        0x00000000       0x7c
 .comment       0x00000000       0x7c Drivers\STM32F7xx_HAL_Driver\Src\stm32f7xx_hal.o
                                 0x7d (size before relaxing)
 .comment       0x0000007c       0x7d Drivers\STM32F7xx_HAL_Driver\Src\stm32f7xx_hal_cortex.o
 .comment       0x0000007c       0x7d Drivers\STM32F7xx_HAL_Driver\Src\stm32f7xx_hal_gpio.o
 .comment       0x0000007c       0x7d Drivers\STM32F7xx_HAL_Driver\Src\stm32f7xx_hal_pcd.o
 .comment       0x0000007c       0x7d Drivers\STM32F7xx_HAL_Driver\Src\stm32f7xx_hal_pcd_ex.o
 .comment       0x0000007c       0x7d Drivers\STM32F7xx_HAL_Driver\Src\stm32f7xx_ll_usb.o
 .comment       0x0000007c       0x7d Middlewares\ST\STM32_USB_Device_Library\Class\CDC\Src\usbd_cdc.o
 .comment       0x0000007c       0x7d Middlewares\ST\STM32_USB_Device_Library\Core\Src\usbd_core.o
 .comment       0x0000007c       0x7d Middlewares\ST\STM32_USB_Device_Library\Core\Src\usbd_ctlreq.o
 .comment       0x0000007c       0x7d Middlewares\ST\STM32_USB_Device_Library\Core\Src\usbd_ioreq.o
 .comment       0x0000007c       0x7d src\main.o
 .comment       0x0000007c       0x7d src\system_stm32f7xx.o
 .comment       0x0000007c       0x7d src\usb_device.o
 .comment       0x0000007c       0x7d src\usbd_cdc_if.o
 .comment       0x0000007c       0x7d src\usbd_conf.o
 .comment       0x0000007c       0x7d src\usbd_desc.o

.debug_frame    0x00000000     0x2848
 .debug_frame   0x00000000      0x3f4 Drivers\STM32F7xx_HAL_Driver\Src\stm32f7xx_hal.o
 .debug_frame   0x000003f4      0x498 Drivers\STM32F7xx_HAL_Driver\Src\stm32f7xx_hal_cortex.o
 .debug_frame   0x0000088c      0x14c Drivers\STM32F7xx_HAL_Driver\Src\stm32f7xx_hal_gpio.o
 .debug_frame   0x000009d8      0x508 Drivers\STM32F7xx_HAL_Driver\Src\stm32f7xx_hal_pcd.o
 .debug_frame   0x00000ee0       0xd8 Drivers\STM32F7xx_HAL_Driver\Src\stm32f7xx_hal_pcd_ex.o
 .debug_frame   0x00000fb8      0x718 Drivers\STM32F7xx_HAL_Driver\Src\stm32f7xx_ll_usb.o
 .debug_frame   0x000016d0      0x24c Middlewares\ST\STM32_USB_Device_Library\Class\CDC\Src\usbd_cdc.o
 .debug_frame   0x0000191c      0x300 Middlewares\ST\STM32_USB_Device_Library\Core\Src\usbd_core.o
 .debug_frame   0x00001c1c      0x214 Middlewares\ST\STM32_USB_Device_Library\Core\Src\usbd_ctlreq.o
 .debug_frame   0x00001e30      0x10c Middlewares\ST\STM32_USB_Device_Library\Core\Src\usbd_ioreq.o
 .debug_frame   0x00001f3c       0xb4 src\main.o
 .debug_frame   0x00001ff0       0x58 src\system_stm32f7xx.o
 .debug_frame   0x00002048       0x2c src\usb_device.o
 .debug_frame   0x00002074       0xbc src\usbd_cdc_if.o
 .debug_frame   0x00002130      0x444 src\usbd_conf.o
 .debug_frame   0x00002574      0x13c src\usbd_desc.o
 .debug_frame   0x000026b0       0x2c d:/program files (x86)/atollic/truestudio for stm32 9.0.0/armtools/bin/../lib/gcc/arm-atollic-eabi/6.3.1/../../../../arm-atollic-eabi/lib/armv7e-m/fpu/fpv5-sp-d16\libc_nano.a(lib_a-init.o)
 .debug_frame   0x000026dc       0x30 d:/program files (x86)/atollic/truestudio for stm32 9.0.0/armtools/bin/../lib/gcc/arm-atollic-eabi/6.3.1/../../../../arm-atollic-eabi/lib/armv7e-m/fpu/fpv5-sp-d16\libc_nano.a(lib_a-malloc.o)
 .debug_frame   0x0000270c       0x38 d:/program files (x86)/atollic/truestudio for stm32 9.0.0/armtools/bin/../lib/gcc/arm-atollic-eabi/6.3.1/../../../../arm-atollic-eabi/lib/armv7e-m/fpu/fpv5-sp-d16\libc_nano.a(lib_a-nano-freer.o)
 .debug_frame   0x00002744       0x2c d:/program files (x86)/atollic/truestudio for stm32 9.0.0/armtools/bin/../lib/gcc/arm-atollic-eabi/6.3.1/../../../../arm-atollic-eabi/lib/armv7e-m/fpu/fpv5-sp-d16\libc_nano.a(lib_a-nano-mallocr.o)
 .debug_frame   0x00002770       0x2c d:/program files (x86)/atollic/truestudio for stm32 9.0.0/armtools/bin/../lib/gcc/arm-atollic-eabi/6.3.1/../../../../arm-atollic-eabi/lib/armv7e-m/fpu/fpv5-sp-d16\libc_nano.a(lib_a-sbrkr.o)
 .debug_frame   0x0000279c       0x30 d:/program files (x86)/atollic/truestudio for stm32 9.0.0/armtools/bin/../lib/gcc/arm-atollic-eabi/6.3.1/../../../../arm-atollic-eabi/lib/armv7e-m/fpu/fpv5-sp-d16\libc_nano.a(lib_a-mlock.o)
 .debug_frame   0x000027cc       0x5c d:/program files (x86)/atollic/truestudio for stm32 9.0.0/armtools/bin/../lib/gcc/arm-atollic-eabi/6.3.1/../../../../arm-atollic-eabi/lib/armv7e-m/fpu/fpv5-sp-d16\libc_nano.a(lib_a-reent.o)
 .debug_frame   0x00002828       0x20 d:/program files (x86)/atollic/truestudio for stm32 9.0.0/armtools/bin/../lib/gcc/arm-atollic-eabi/6.3.1/../../../../arm-atollic-eabi/lib/armv7e-m/fpu/fpv5-sp-d16\libnosys.a(sbrk.o)

.stabstr        0x00000000       0x3f
 .stabstr       0x00000000       0x3f d:/program files (x86)/atollic/truestudio for stm32 9.0.0/armtools/bin/../lib/gcc/arm-atollic-eabi/6.3.1/../../../../arm-atollic-eabi/lib/armv7e-m/fpu/fpv5-sp-d16\libnosys.a(write.o)

Cross Reference Table

Symbol                                            File
ADC_IRQHandler                                    src\startup_stm32f765xx.o
AHBPrescTable                                     src\system_stm32f7xx.o
APBPrescTable                                     src\system_stm32f7xx.o
BusFault_Handler                                  src\startup_stm32f765xx.o
CAN1_RX0_IRQHandler                               src\startup_stm32f765xx.o
CAN1_RX1_IRQHandler                               src\startup_stm32f765xx.o
CAN1_SCE_IRQHandler                               src\startup_stm32f765xx.o
CAN1_TX_IRQHandler                                src\startup_stm32f765xx.o
CAN2_RX0_IRQHandler                               src\startup_stm32f765xx.o
CAN2_RX1_IRQHandler                               src\startup_stm32f765xx.o
CAN2_SCE_IRQHandler                               src\startup_stm32f765xx.o
CAN2_TX_IRQHandler                                src\startup_stm32f765xx.o
CAN3_RX0_IRQHandler                               src\startup_stm32f765xx.o
CAN3_RX1_IRQHandler                               src\startup_stm32f765xx.o
CAN3_SCE_IRQHandler                               src\startup_stm32f765xx.o
CAN3_TX_IRQHandler                                src\startup_stm32f765xx.o
CDC_Transmit_FS                                   src\usbd_cdc_if.o
CEC_IRQHandler                                    src\startup_stm32f765xx.o
DCMI_IRQHandler                                   src\startup_stm32f765xx.o
DFSDM1_FLT0_IRQHandler                            src\startup_stm32f765xx.o
DFSDM1_FLT1_IRQHandler                            src\startup_stm32f765xx.o
DFSDM1_FLT2_IRQHandler                            src\startup_stm32f765xx.o
DFSDM1_FLT3_IRQHandler                            src\startup_stm32f765xx.o
DMA1_Stream0_IRQHandler                           src\startup_stm32f765xx.o
DMA1_Stream1_IRQHandler                           src\startup_stm32f765xx.o
DMA1_Stream2_IRQHandler                           src\startup_stm32f765xx.o
DMA1_Stream3_IRQHandler                           src\startup_stm32f765xx.o
DMA1_Stream4_IRQHandler                           src\startup_stm32f765xx.o
DMA1_Stream5_IRQHandler                           src\startup_stm32f765xx.o
DMA1_Stream6_IRQHandler                           src\startup_stm32f765xx.o
DMA1_Stream7_IRQHandler                           src\startup_stm32f765xx.o
DMA2D_IRQHandler                                  src\startup_stm32f765xx.o
DMA2_Stream0_IRQHandler                           src\startup_stm32f765xx.o
DMA2_Stream1_IRQHandler                           src\startup_stm32f765xx.o
DMA2_Stream2_IRQHandler                           src\startup_stm32f765xx.o
DMA2_Stream3_IRQHandler                           src\startup_stm32f765xx.o
DMA2_Stream4_IRQHandler                           src\startup_stm32f765xx.o
DMA2_Stream5_IRQHandler                           src\startup_stm32f765xx.o
DMA2_Stream6_IRQHandler                           src\startup_stm32f765xx.o
DMA2_Stream7_IRQHandler                           src\startup_stm32f765xx.o
DebugMon_Handler                                  src\startup_stm32f765xx.o
Default_Handler                                   src\startup_stm32f765xx.o
ETH_IRQHandler                                    src\startup_stm32f765xx.o
ETH_WKUP_IRQHandler                               src\startup_stm32f765xx.o
EXTI0_IRQHandler                                  src\startup_stm32f765xx.o
EXTI15_10_IRQHandler                              src\startup_stm32f765xx.o
EXTI1_IRQHandler                                  src\startup_stm32f765xx.o
EXTI2_IRQHandler                                  src\startup_stm32f765xx.o
EXTI3_IRQHandler                                  src\startup_stm32f765xx.o
EXTI4_IRQHandler                                  src\startup_stm32f765xx.o
EXTI9_5_IRQHandler                                src\startup_stm32f765xx.o
FLASH_Erase_Sector                                Drivers\STM32F7xx_HAL_Driver\Src\stm32f7xx_hal_flash.o
FLASH_IRQHandler                                  src\startup_stm32f765xx.o
FLASH_WaitForLastOperation                        Drivers\STM32F7xx_HAL_Driver\Src\stm32f7xx_hal_flash.o
FMC_IRQHandler                                    src\startup_stm32f765xx.o
FPU_IRQHandler                                    src\startup_stm32f765xx.o
FS_Desc                                           src\usbd_desc.o
                                                  src\usb_device.o
HAL_DBGMCU_DisableDBGSleepMode                    Drivers\STM32F7xx_HAL_Driver\Src\stm32f7xx_hal.o
HAL_DBGMCU_DisableDBGStandbyMode                  Drivers\STM32F7xx_HAL_Driver\Src\stm32f7xx_hal.o
HAL_DBGMCU_DisableDBGStopMode                     Drivers\STM32F7xx_HAL_Driver\Src\stm32f7xx_hal.o
HAL_DBGMCU_EnableDBGSleepMode                     Drivers\STM32F7xx_HAL_Driver\Src\stm32f7xx_hal.o
HAL_DBGMCU_EnableDBGStandbyMode                   Drivers\STM32F7xx_HAL_Driver\Src\stm32f7xx_hal.o
HAL_DBGMCU_EnableDBGStopMode                      Drivers\STM32F7xx_HAL_Driver\Src\stm32f7xx_hal.o
HAL_DMAEx_ChangeMemory                            Drivers\STM32F7xx_HAL_Driver\Src\stm32f7xx_hal_dma_ex.o
HAL_DMAEx_MultiBufferStart                        Drivers\STM32F7xx_HAL_Driver\Src\stm32f7xx_hal_dma_ex.o
HAL_DMAEx_MultiBufferStart_IT                     Drivers\STM32F7xx_HAL_Driver\Src\stm32f7xx_hal_dma_ex.o
HAL_DMA_Abort                                     Drivers\STM32F7xx_HAL_Driver\Src\stm32f7xx_hal_dma.o
HAL_DMA_Abort_IT                                  Drivers\STM32F7xx_HAL_Driver\Src\stm32f7xx_hal_dma.o
HAL_DMA_DeInit                                    Drivers\STM32F7xx_HAL_Driver\Src\stm32f7xx_hal_dma.o
HAL_DMA_GetError                                  Drivers\STM32F7xx_HAL_Driver\Src\stm32f7xx_hal_dma.o
HAL_DMA_GetState                                  Drivers\STM32F7xx_HAL_Driver\Src\stm32f7xx_hal_dma.o
HAL_DMA_IRQHandler                                Drivers\STM32F7xx_HAL_Driver\Src\stm32f7xx_hal_dma.o
HAL_DMA_Init                                      Drivers\STM32F7xx_HAL_Driver\Src\stm32f7xx_hal_dma.o
HAL_DMA_PollForTransfer                           Drivers\STM32F7xx_HAL_Driver\Src\stm32f7xx_hal_dma.o
HAL_DMA_RegisterCallback                          Drivers\STM32F7xx_HAL_Driver\Src\stm32f7xx_hal_dma.o
HAL_DMA_Start                                     Drivers\STM32F7xx_HAL_Driver\Src\stm32f7xx_hal_dma.o
HAL_DMA_Start_IT                                  Drivers\STM32F7xx_HAL_Driver\Src\stm32f7xx_hal_dma.o
HAL_DMA_UnRegisterCallback                        Drivers\STM32F7xx_HAL_Driver\Src\stm32f7xx_hal_dma.o
HAL_DeInit                                        Drivers\STM32F7xx_HAL_Driver\Src\stm32f7xx_hal.o
HAL_Delay                                         Drivers\STM32F7xx_HAL_Driver\Src\stm32f7xx_hal.o
                                                  src\usbd_conf.o
                                                  src\main.o
                                                  Drivers\STM32F7xx_HAL_Driver\Src\stm32f7xx_ll_usb.o
HAL_DisableCompensationCell                       Drivers\STM32F7xx_HAL_Driver\Src\stm32f7xx_hal.o
HAL_DisableFMCMemorySwapping                      Drivers\STM32F7xx_HAL_Driver\Src\stm32f7xx_hal.o
HAL_DisableMemorySwappingBank                     Drivers\STM32F7xx_HAL_Driver\Src\stm32f7xx_hal.o
HAL_EnableCompensationCell                        Drivers\STM32F7xx_HAL_Driver\Src\stm32f7xx_hal.o
HAL_EnableFMCMemorySwapping                       Drivers\STM32F7xx_HAL_Driver\Src\stm32f7xx_hal.o
HAL_EnableMemorySwappingBank                      Drivers\STM32F7xx_HAL_Driver\Src\stm32f7xx_hal.o
HAL_FLASH_EndOfOperationCallback                  Drivers\STM32F7xx_HAL_Driver\Src\stm32f7xx_hal_flash.o
HAL_FLASH_GetError                                Drivers\STM32F7xx_HAL_Driver\Src\stm32f7xx_hal_flash.o
HAL_FLASH_IRQHandler                              Drivers\STM32F7xx_HAL_Driver\Src\stm32f7xx_hal_flash.o
HAL_FLASH_Lock                                    Drivers\STM32F7xx_HAL_Driver\Src\stm32f7xx_hal_flash.o
HAL_FLASH_OB_Launch                               Drivers\STM32F7xx_HAL_Driver\Src\stm32f7xx_hal_flash.o
HAL_FLASH_OB_Lock                                 Drivers\STM32F7xx_HAL_Driver\Src\stm32f7xx_hal_flash.o
HAL_FLASH_OB_Unlock                               Drivers\STM32F7xx_HAL_Driver\Src\stm32f7xx_hal_flash.o
HAL_FLASH_OperationErrorCallback                  Drivers\STM32F7xx_HAL_Driver\Src\stm32f7xx_hal_flash.o
HAL_FLASH_Program                                 Drivers\STM32F7xx_HAL_Driver\Src\stm32f7xx_hal_flash.o
HAL_FLASH_Program_IT                              Drivers\STM32F7xx_HAL_Driver\Src\stm32f7xx_hal_flash.o
HAL_FLASH_Unlock                                  Drivers\STM32F7xx_HAL_Driver\Src\stm32f7xx_hal_flash.o
HAL_GPIO_DeInit                                   Drivers\STM32F7xx_HAL_Driver\Src\stm32f7xx_hal_gpio.o
                                                  src\usbd_conf.o
HAL_GPIO_EXTI_Callback                            Drivers\STM32F7xx_HAL_Driver\Src\stm32f7xx_hal_gpio.o
HAL_GPIO_EXTI_IRQHandler                          Drivers\STM32F7xx_HAL_Driver\Src\stm32f7xx_hal_gpio.o
HAL_GPIO_Init                                     Drivers\STM32F7xx_HAL_Driver\Src\stm32f7xx_hal_gpio.o
                                                  src\usbd_conf.o
HAL_GPIO_LockPin                                  Drivers\STM32F7xx_HAL_Driver\Src\stm32f7xx_hal_gpio.o
HAL_GPIO_ReadPin                                  Drivers\STM32F7xx_HAL_Driver\Src\stm32f7xx_hal_gpio.o
HAL_GPIO_TogglePin                                Drivers\STM32F7xx_HAL_Driver\Src\stm32f7xx_hal_gpio.o
HAL_GPIO_WritePin                                 Drivers\STM32F7xx_HAL_Driver\Src\stm32f7xx_hal_gpio.o
HAL_GetDEVID                                      Drivers\STM32F7xx_HAL_Driver\Src\stm32f7xx_hal.o
HAL_GetHalVersion                                 Drivers\STM32F7xx_HAL_Driver\Src\stm32f7xx_hal.o
HAL_GetREVID                                      Drivers\STM32F7xx_HAL_Driver\Src\stm32f7xx_hal.o
HAL_GetTick                                       Drivers\STM32F7xx_HAL_Driver\Src\stm32f7xx_hal.o
                                                  Drivers\STM32F7xx_HAL_Driver\Src\stm32f7xx_hal_pwr_ex.o
                                                  Drivers\STM32F7xx_HAL_Driver\Src\stm32f7xx_hal_flash.o
                                                  Drivers\STM32F7xx_HAL_Driver\Src\stm32f7xx_hal_dma.o
HAL_GetTickFreq                                   Drivers\STM32F7xx_HAL_Driver\Src\stm32f7xx_hal.o
HAL_GetTickPrio                                   Drivers\STM32F7xx_HAL_Driver\Src\stm32f7xx_hal.o
HAL_GetUIDw0                                      Drivers\STM32F7xx_HAL_Driver\Src\stm32f7xx_hal.o
HAL_GetUIDw1                                      Drivers\STM32F7xx_HAL_Driver\Src\stm32f7xx_hal.o
HAL_GetUIDw2                                      Drivers\STM32F7xx_HAL_Driver\Src\stm32f7xx_hal.o
HAL_I2CEx_ConfigAnalogFilter                      Drivers\STM32F7xx_HAL_Driver\Src\stm32f7xx_hal_i2c_ex.o
HAL_I2CEx_ConfigDigitalFilter                     Drivers\STM32F7xx_HAL_Driver\Src\stm32f7xx_hal_i2c_ex.o
HAL_I2CEx_DisableFastModePlus                     Drivers\STM32F7xx_HAL_Driver\Src\stm32f7xx_hal_i2c_ex.o
HAL_I2CEx_EnableFastModePlus                      Drivers\STM32F7xx_HAL_Driver\Src\stm32f7xx_hal_i2c_ex.o
HAL_IncTick                                       Drivers\STM32F7xx_HAL_Driver\Src\stm32f7xx_hal.o
                                                  src\main.o
HAL_Init                                          Drivers\STM32F7xx_HAL_Driver\Src\stm32f7xx_hal.o
HAL_InitTick                                      Drivers\STM32F7xx_HAL_Driver\Src\stm32f7xx_hal.o
HAL_MPU_ConfigRegion                              Drivers\STM32F7xx_HAL_Driver\Src\stm32f7xx_hal_cortex.o
HAL_MPU_Disable                                   Drivers\STM32F7xx_HAL_Driver\Src\stm32f7xx_hal_cortex.o
HAL_MPU_Enable                                    Drivers\STM32F7xx_HAL_Driver\Src\stm32f7xx_hal_cortex.o
HAL_MspDeInit                                     Drivers\STM32F7xx_HAL_Driver\Src\stm32f7xx_hal.o
HAL_MspInit                                       Drivers\STM32F7xx_HAL_Driver\Src\stm32f7xx_hal.o
HAL_NVIC_ClearPendingIRQ                          Drivers\STM32F7xx_HAL_Driver\Src\stm32f7xx_hal_cortex.o
HAL_NVIC_DisableIRQ                               Drivers\STM32F7xx_HAL_Driver\Src\stm32f7xx_hal_cortex.o
                                                  src\usbd_conf.o
HAL_NVIC_EnableIRQ                                Drivers\STM32F7xx_HAL_Driver\Src\stm32f7xx_hal_cortex.o
                                                  src\usbd_conf.o
HAL_NVIC_GetActive                                Drivers\STM32F7xx_HAL_Driver\Src\stm32f7xx_hal_cortex.o
HAL_NVIC_GetPendingIRQ                            Drivers\STM32F7xx_HAL_Driver\Src\stm32f7xx_hal_cortex.o
HAL_NVIC_GetPriority                              Drivers\STM32F7xx_HAL_Driver\Src\stm32f7xx_hal_cortex.o
HAL_NVIC_GetPriorityGrouping                      Drivers\STM32F7xx_HAL_Driver\Src\stm32f7xx_hal_cortex.o
HAL_NVIC_SetPendingIRQ                            Drivers\STM32F7xx_HAL_Driver\Src\stm32f7xx_hal_cortex.o
HAL_NVIC_SetPriority                              Drivers\STM32F7xx_HAL_Driver\Src\stm32f7xx_hal_cortex.o
                                                  src\usbd_conf.o
                                                  Drivers\STM32F7xx_HAL_Driver\Src\stm32f7xx_hal.o
HAL_NVIC_SetPriorityGrouping                      Drivers\STM32F7xx_HAL_Driver\Src\stm32f7xx_hal_cortex.o
                                                  Drivers\STM32F7xx_HAL_Driver\Src\stm32f7xx_hal.o
HAL_NVIC_SystemReset                              Drivers\STM32F7xx_HAL_Driver\Src\stm32f7xx_hal_cortex.o
HAL_PCDEx_ActivateLPM                             Drivers\STM32F7xx_HAL_Driver\Src\stm32f7xx_hal_pcd_ex.o
                                                  Drivers\STM32F7xx_HAL_Driver\Src\stm32f7xx_hal_pcd.o
HAL_PCDEx_DeActivateLPM                           Drivers\STM32F7xx_HAL_Driver\Src\stm32f7xx_hal_pcd_ex.o
HAL_PCDEx_LPM_Callback                            src\usbd_conf.o
                                                  Drivers\STM32F7xx_HAL_Driver\Src\stm32f7xx_hal_pcd_ex.o
                                                  Drivers\STM32F7xx_HAL_Driver\Src\stm32f7xx_hal_pcd.o
HAL_PCDEx_SetRxFiFo                               Drivers\STM32F7xx_HAL_Driver\Src\stm32f7xx_hal_pcd_ex.o
                                                  src\usbd_conf.o
HAL_PCDEx_SetTxFiFo                               Drivers\STM32F7xx_HAL_Driver\Src\stm32f7xx_hal_pcd_ex.o
                                                  src\usbd_conf.o
HAL_PCD_ActivateRemoteWakeup                      Drivers\STM32F7xx_HAL_Driver\Src\stm32f7xx_hal_pcd.o
HAL_PCD_ConnectCallback                           src\usbd_conf.o
                                                  Drivers\STM32F7xx_HAL_Driver\Src\stm32f7xx_hal_pcd.o
HAL_PCD_DataInStageCallback                       src\usbd_conf.o
                                                  Drivers\STM32F7xx_HAL_Driver\Src\stm32f7xx_hal_pcd.o
HAL_PCD_DataOutStageCallback                      src\usbd_conf.o
                                                  Drivers\STM32F7xx_HAL_Driver\Src\stm32f7xx_hal_pcd.o
HAL_PCD_DeActivateRemoteWakeup                    Drivers\STM32F7xx_HAL_Driver\Src\stm32f7xx_hal_pcd.o
HAL_PCD_DeInit                                    Drivers\STM32F7xx_HAL_Driver\Src\stm32f7xx_hal_pcd.o
                                                  src\usbd_conf.o
HAL_PCD_DevConnect                                Drivers\STM32F7xx_HAL_Driver\Src\stm32f7xx_hal_pcd.o
HAL_PCD_DevDisconnect                             Drivers\STM32F7xx_HAL_Driver\Src\stm32f7xx_hal_pcd.o
HAL_PCD_DisconnectCallback                        src\usbd_conf.o
                                                  Drivers\STM32F7xx_HAL_Driver\Src\stm32f7xx_hal_pcd.o
HAL_PCD_EP_Close                                  Drivers\STM32F7xx_HAL_Driver\Src\stm32f7xx_hal_pcd.o
                                                  src\usbd_conf.o
HAL_PCD_EP_ClrStall                               Drivers\STM32F7xx_HAL_Driver\Src\stm32f7xx_hal_pcd.o
                                                  src\usbd_conf.o
HAL_PCD_EP_Flush                                  Drivers\STM32F7xx_HAL_Driver\Src\stm32f7xx_hal_pcd.o
                                                  src\usbd_conf.o
HAL_PCD_EP_GetRxCount                             Drivers\STM32F7xx_HAL_Driver\Src\stm32f7xx_hal_pcd.o
                                                  src\usbd_conf.o
HAL_PCD_EP_Open                                   Drivers\STM32F7xx_HAL_Driver\Src\stm32f7xx_hal_pcd.o
                                                  src\usbd_conf.o
HAL_PCD_EP_Receive                                Drivers\STM32F7xx_HAL_Driver\Src\stm32f7xx_hal_pcd.o
                                                  src\usbd_conf.o
HAL_PCD_EP_SetStall                               Drivers\STM32F7xx_HAL_Driver\Src\stm32f7xx_hal_pcd.o
                                                  src\usbd_conf.o
HAL_PCD_EP_Transmit                               Drivers\STM32F7xx_HAL_Driver\Src\stm32f7xx_hal_pcd.o
                                                  src\usbd_conf.o
HAL_PCD_GetState                                  Drivers\STM32F7xx_HAL_Driver\Src\stm32f7xx_hal_pcd.o
HAL_PCD_IRQHandler                                Drivers\STM32F7xx_HAL_Driver\Src\stm32f7xx_hal_pcd.o
                                                  src\usbd_conf.o
HAL_PCD_ISOINIncompleteCallback                   src\usbd_conf.o
                                                  Drivers\STM32F7xx_HAL_Driver\Src\stm32f7xx_hal_pcd.o
HAL_PCD_ISOOUTIncompleteCallback                  src\usbd_conf.o
                                                  Drivers\STM32F7xx_HAL_Driver\Src\stm32f7xx_hal_pcd.o
HAL_PCD_Init                                      Drivers\STM32F7xx_HAL_Driver\Src\stm32f7xx_hal_pcd.o
                                                  src\usbd_conf.o
HAL_PCD_MspDeInit                                 src\usbd_conf.o
                                                  Drivers\STM32F7xx_HAL_Driver\Src\stm32f7xx_hal_pcd.o
HAL_PCD_MspInit                                   src\usbd_conf.o
                                                  Drivers\STM32F7xx_HAL_Driver\Src\stm32f7xx_hal_pcd.o
HAL_PCD_ResetCallback                             src\usbd_conf.o
                                                  Drivers\STM32F7xx_HAL_Driver\Src\stm32f7xx_hal_pcd.o
HAL_PCD_ResumeCallback                            src\usbd_conf.o
                                                  Drivers\STM32F7xx_HAL_Driver\Src\stm32f7xx_hal_pcd.o
HAL_PCD_SOFCallback                               src\usbd_conf.o
                                                  Drivers\STM32F7xx_HAL_Driver\Src\stm32f7xx_hal_pcd.o
HAL_PCD_SetAddress                                Drivers\STM32F7xx_HAL_Driver\Src\stm32f7xx_hal_pcd.o
                                                  src\usbd_conf.o
HAL_PCD_SetupStageCallback                        src\usbd_conf.o
                                                  Drivers\STM32F7xx_HAL_Driver\Src\stm32f7xx_hal_pcd.o
HAL_PCD_Start                                     Drivers\STM32F7xx_HAL_Driver\Src\stm32f7xx_hal_pcd.o
                                                  src\usbd_conf.o
HAL_PCD_Stop                                      Drivers\STM32F7xx_HAL_Driver\Src\stm32f7xx_hal_pcd.o
                                                  src\usbd_conf.o
HAL_PCD_SuspendCallback                           src\usbd_conf.o
                                                  Drivers\STM32F7xx_HAL_Driver\Src\stm32f7xx_hal_pcd.o
HAL_PWREx_ControlVoltageScaling                   Drivers\STM32F7xx_HAL_Driver\Src\stm32f7xx_hal_pwr_ex.o
HAL_PWREx_DisableBkUpReg                          Drivers\STM32F7xx_HAL_Driver\Src\stm32f7xx_hal_pwr_ex.o
HAL_PWREx_DisableFlashPowerDown                   Drivers\STM32F7xx_HAL_Driver\Src\stm32f7xx_hal_pwr_ex.o
HAL_PWREx_DisableLowRegulatorLowVoltage           Drivers\STM32F7xx_HAL_Driver\Src\stm32f7xx_hal_pwr_ex.o
HAL_PWREx_DisableMainRegulatorLowVoltage          Drivers\STM32F7xx_HAL_Driver\Src\stm32f7xx_hal_pwr_ex.o
HAL_PWREx_DisableOverDrive                        Drivers\STM32F7xx_HAL_Driver\Src\stm32f7xx_hal_pwr_ex.o
HAL_PWREx_EnableBkUpReg                           Drivers\STM32F7xx_HAL_Driver\Src\stm32f7xx_hal_pwr_ex.o
HAL_PWREx_EnableFlashPowerDown                    Drivers\STM32F7xx_HAL_Driver\Src\stm32f7xx_hal_pwr_ex.o
HAL_PWREx_EnableLowRegulatorLowVoltage            Drivers\STM32F7xx_HAL_Driver\Src\stm32f7xx_hal_pwr_ex.o
HAL_PWREx_EnableMainRegulatorLowVoltage           Drivers\STM32F7xx_HAL_Driver\Src\stm32f7xx_hal_pwr_ex.o
HAL_PWREx_EnableOverDrive                         Drivers\STM32F7xx_HAL_Driver\Src\stm32f7xx_hal_pwr_ex.o
HAL_PWREx_EnterUnderDriveSTOPMode                 Drivers\STM32F7xx_HAL_Driver\Src\stm32f7xx_hal_pwr_ex.o
HAL_PWREx_GetVoltageRange                         Drivers\STM32F7xx_HAL_Driver\Src\stm32f7xx_hal_pwr_ex.o
HAL_PWR_ConfigPVD                                 Drivers\STM32F7xx_HAL_Driver\Src\stm32f7xx_hal_pwr.o
HAL_PWR_DeInit                                    Drivers\STM32F7xx_HAL_Driver\Src\stm32f7xx_hal_pwr.o
HAL_PWR_DisableBkUpAccess                         Drivers\STM32F7xx_HAL_Driver\Src\stm32f7xx_hal_pwr.o
HAL_PWR_DisablePVD                                Drivers\STM32F7xx_HAL_Driver\Src\stm32f7xx_hal_pwr.o
HAL_PWR_DisableSEVOnPend                          Drivers\STM32F7xx_HAL_Driver\Src\stm32f7xx_hal_pwr.o
HAL_PWR_DisableSleepOnExit                        Drivers\STM32F7xx_HAL_Driver\Src\stm32f7xx_hal_pwr.o
HAL_PWR_DisableWakeUpPin                          Drivers\STM32F7xx_HAL_Driver\Src\stm32f7xx_hal_pwr.o
HAL_PWR_EnableBkUpAccess                          Drivers\STM32F7xx_HAL_Driver\Src\stm32f7xx_hal_pwr.o
HAL_PWR_EnablePVD                                 Drivers\STM32F7xx_HAL_Driver\Src\stm32f7xx_hal_pwr.o
HAL_PWR_EnableSEVOnPend                           Drivers\STM32F7xx_HAL_Driver\Src\stm32f7xx_hal_pwr.o
HAL_PWR_EnableSleepOnExit                         Drivers\STM32F7xx_HAL_Driver\Src\stm32f7xx_hal_pwr.o
HAL_PWR_EnableWakeUpPin                           Drivers\STM32F7xx_HAL_Driver\Src\stm32f7xx_hal_pwr.o
HAL_PWR_EnterSLEEPMode                            Drivers\STM32F7xx_HAL_Driver\Src\stm32f7xx_hal_pwr.o
HAL_PWR_EnterSTANDBYMode                          Drivers\STM32F7xx_HAL_Driver\Src\stm32f7xx_hal_pwr.o
HAL_PWR_EnterSTOPMode                             Drivers\STM32F7xx_HAL_Driver\Src\stm32f7xx_hal_pwr.o
HAL_PWR_PVDCallback                               Drivers\STM32F7xx_HAL_Driver\Src\stm32f7xx_hal_pwr.o
HAL_PWR_PVD_IRQHandler                            Drivers\STM32F7xx_HAL_Driver\Src\stm32f7xx_hal_pwr.o
HAL_RCC_GetHCLKFreq                               Drivers\STM32F7xx_HAL_Driver\Src\stm32f7xx_hal_pcd.o
HAL_ResumeTick                                    Drivers\STM32F7xx_HAL_Driver\Src\stm32f7xx_hal.o
HAL_SYSTICK_CLKSourceConfig                       Drivers\STM32F7xx_HAL_Driver\Src\stm32f7xx_hal_cortex.o
HAL_SYSTICK_Callback                              Drivers\STM32F7xx_HAL_Driver\Src\stm32f7xx_hal_cortex.o
HAL_SYSTICK_Config                                Drivers\STM32F7xx_HAL_Driver\Src\stm32f7xx_hal_cortex.o
                                                  Drivers\STM32F7xx_HAL_Driver\Src\stm32f7xx_hal.o
HAL_SYSTICK_IRQHandler                            Drivers\STM32F7xx_HAL_Driver\Src\stm32f7xx_hal_cortex.o
                                                  src\main.o
HAL_SetTickFreq                                   Drivers\STM32F7xx_HAL_Driver\Src\stm32f7xx_hal.o
HAL_SuspendTick                                   Drivers\STM32F7xx_HAL_Driver\Src\stm32f7xx_hal.o
HardFault_Handler                                 src\startup_stm32f765xx.o
I2C1_ER_IRQHandler                                src\startup_stm32f765xx.o
I2C1_EV_IRQHandler                                src\startup_stm32f765xx.o
I2C2_ER_IRQHandler                                src\startup_stm32f765xx.o
I2C2_EV_IRQHandler                                src\startup_stm32f765xx.o
I2C3_ER_IRQHandler                                src\startup_stm32f765xx.o
I2C3_EV_IRQHandler                                src\startup_stm32f765xx.o
I2C4_ER_IRQHandler                                src\startup_stm32f765xx.o
I2C4_EV_IRQHandler                                src\startup_stm32f765xx.o
LPTIM1_IRQHandler                                 src\startup_stm32f765xx.o
MDIOS_IRQHandler                                  src\startup_stm32f765xx.o
MX_USB_DEVICE_Init                                src\usb_device.o
                                                  src\main.o
MemManage_Handler                                 src\startup_stm32f765xx.o
NMI_Handler                                       src\startup_stm32f765xx.o
OTG_FS_IRQHandler                                 src\usbd_conf.o
                                                  src\startup_stm32f765xx.o
OTG_FS_WKUP_IRQHandler                            src\startup_stm32f765xx.o
OTG_HS_EP1_IN_IRQHandler                          src\startup_stm32f765xx.o